******************************************************************************
                  TI ARM Linker PC v15.12.3                    
******************************************************************************
>> Linked Sun Jun 04 16:56:26 2017

OUTPUT FILE NAME:   <wlan_station.out>
ENTRY POINT SYMBOL: "_c_int00"  address: 20017c79


MEMORY CONFIGURATION

         name            origin    length      used     unused   attr    fill
----------------------  --------  ---------  --------  --------  ----  --------
  SRAM_CODE             20004000   00020000  0001880c  000077f4  RW X
  SRAM_DATA             20024000   0001b000  0000c4f6  0000eb0a  RW X


SEGMENT ALLOCATION MAP

run origin  load origin   length   init length attrs members
----------  ----------- ---------- ----------- ----- -------
20004000    20004000    0001881c   0001881c    r-x
  20004000    20004000    0000030c   0000030c    r-- .resetVecs
  20004310    20004310    00015a6a   00015a6a    r-x .text
  20019d80    20019d80    000026d2   000026d2    r-- .const
  2001c458    2001c458    000003c4   000003c4    r-- .cinit
20024000    20024000    0000a4f8   00000000    rw-
  20024000    20024000    00009e76   00000000    rw- .bss
  2002de78    2002de78    00000680   00000000    rw- .data
2003d000    2003d000    00002000   00000000    rw-
  2003d000    2003d000    00002000   00000000    rw- .stack


SECTION ALLOCATION MAP

 output                                  attributes/
section   page    origin      length       input sections
--------  ----  ----------  ----------   ----------------
.init_array 
*          0    20004000    00000000     UNINITIALIZED

.resetVecs 
*          0    20004000    0000030c     
                  20004000    0000030c     app_pem4.oem4 (.resetVecs)

.text      0    20004310    00015a6a     
                  20004310    000027c4     EdpKit.obj (.text)
                  20006ad4    00001bca     cJSON.obj (.text)
                  2000869e    00000002     rtsv7M4_T_le_eabi.lib : i_div0.obj (.text)
                  200086a0    000010fc                           : _printfi.obj (.text)
                  2000979c    00000cc4     main.obj (.text)
                  2000a460    000009a4     rtsv7M4_T_le_eabi.lib : e_pow.obj (.text)
                  2000ae04    00000700     tradoff.obj (.text)
                  2000b504    00000590     simplelink.a : driver.obj (.text:_SlDrvMsgRead)
                  2000ba94    00000544     ti_rtos.a : osi_tirtos.obj (.text)
                  2000bfd8    000004b4     gpio_if.obj (.text)
                  2000c48c    00000494     controller.obj (.text)
                  2000c920    00000430     sysbios.aem4 : BIOS.obj (.text:ti_sysbios_family_arm_m3_Hwi_excDumpRegs__I)
                  2000cd50    0000040c     tmp006drv.obj (.text)
                  2000d15c    0000034c     ti.targets.arm.rtsarm.aem4 : System.oem4 (.text:xdc_runtime_System_doPrint__I)
                  2000d4a8    0000033c     rtsv7M4_T_le_eabi.lib : strftime.obj (.text)
                  2000d7e4    00000324                           : trgdrv.obj (.text)
                  2000db08    00000314     sysbios.aem4 : BIOS.obj (.text:ti_sysbios_knl_Semaphore_pend__E)
                  2000de1c    0000030c     rtsv7M4_T_le_eabi.lib : lowlev.obj (.text)
                  2000e128    0000029c                           : mktime.obj (.text)
                  2000e3c4    00000290     i2c_if.obj (.text)
                  2000e654    00000280     uart_if.obj (.text)
                  2000e8d4    0000027c     simplelink.a : wlan.obj (.text:sl_WlanConnect)
                  2000eb50    00000258                  : driver.obj (.text:_SlDrvRxHdrRead)
                  2000eda8    00000254     sysbios.aem4 : BIOS.obj (.text:ti_sysbios_heaps_HeapMem_free__E)
                  2000effc    00000004     app_pem4.oem4 (.text:ti_sysbios_BIOS_RtsGateProxy_enter__E)
                  2000f000    00000248     sysbios.aem4 : BIOS.obj (.text:ti_sysbios_heaps_HeapMem_alloc__E)
                  2000f248    0000022c                  : BIOS.obj (.text:ti_sysbios_knl_Task_Instance_finalize__E)
                  2000f474    0000021e     rtsv7M4_T_le_eabi.lib : ll_div_t2.obj (.text)
                  2000f692    00000006     driverlib.a : utils.obj (.text:UtilsDelay)
                  2000f698    00000200     sysbios.aem4 : BIOS.obj (.text:ti_sysbios_knl_Task_sleep__E)
                  2000f898    000001fc                  : BIOS.obj (.text:ti_sysbios_family_arm_m3_Hwi_excHandlerMax__I)
                  2000fa94    000001f4     rtsv7M4_T_le_eabi.lib : ull_div_t2.obj (.text)
                  2000fc88    000001e0     simplelink.a : driver.obj (.text:_SlDrvDataReadOp)
                  2000fe68    000001d0                  : driver.obj (.text:_SlDrvReleasePoolObj)
                  20010038    000001c8     sysbios.aem4 : BIOS.obj (.text:ti_sysbios_knl_Task_Instance_init__E)
                  20010200    000001c4     rtsv7M4_T_le_eabi.lib : fopen.obj (.text)
                  200103c4    000001b6                           : fd_add_t2.obj (.text)
                  2001057a    00000002                           : l_div0.obj (.text)
                  2001057c    0000019c     simplelink.a : driver.obj (.text:_SlDrvMsgWrite)
                  20010718    0000019c     sysbios.aem4 : BIOS.obj (.text:ti_sysbios_knl_Task_Module_startup__E)
                  200108b4    00000190     simplelink.a : driver.obj (.text:_SlDrvDriverCBInit)
                  20010a44    00000190                  : driver.obj (.text:_SlDrvWaitForPoolObj)
                  20010bd4    0000018c                  : socket.obj (.text:sl_Connect)
                  20010d60    00000178     driverlib.a : prcm.obj (.text:PRCMCC3200MCUInit)
                  20010ed8    00000178     simplelink.a : socket.obj (.text:sl_Select)
                  20011050    00000174     sysbios.aem4 : BIOS.obj (.text:ti_sysbios_family_arm_m3_Hwi_excBusFault__I)
                  200111c4    00000170     simplelink.a : driver.obj (.text:_SlFindAndSetActiveObj)
                  20011334    00000170     rtsv7M4_T_le_eabi.lib : e_sqrt.obj (.text)
                  200114a4    00000004     app_pem4.oem4 (.text:ti_sysbios_BIOS_RtsGateProxy_leave__E)
                  200114a8    00000164     sysbios.aem4 : BIOS.obj (.text:ti_sysbios_family_arm_m3_Hwi_excUsageFault__I)
                  2001160c    00000004     app_pem4.oem4 (.text:ti_sysbios_family_arm_m3_Hwi_delete)
                  20011610    00000158     sysbios.aem4 : BIOS.obj (.text:ti_sysbios_knl_Mailbox_Instance_init__E)
                  20011768    00000150     simplelink.a : cc_pal.obj (.text:spi_Open)
                  200118b8    0000014c                  : driver.obj (.text:_SlDrvDataWriteOp)
                  20011a04    00000004     app_pem4.oem4 (.text:ti_sysbios_family_arm_m3_TaskSupport_Module__startupDone__S)
                  20011a08    00000148     sysbios.aem4 : BIOS.obj (.text:ti_sysbios_family_arm_m3_Hwi_excMemFault__I)
                  20011b50    00000140                  : BIOS.obj (.text:ti_sysbios_knl_Semaphore_post__E)
                  20011c90    0000013c     simplelink.a : driver.obj (.text:_SlDrvMsgReadCmdCtx)
                  20011dcc    00000004     app_pem4.oem4 (.text:ti_sysbios_heaps_HeapMem_Module_GateProxy_enter__E)
                  20011dd0    0000013c     sysbios.aem4 : BIOS.obj (.text:ti_sysbios_heaps_HeapMem_Instance_init__E)
                  20011f0c    00000138     rtsv7M4_T_le_eabi.lib : localtim.obj (.text)
                  20012044    00000004     app_pem4.oem4 (.text:ti_sysbios_heaps_HeapMem_Module_GateProxy_leave__E)
                  20012048    00000138     sysbios.aem4 : BIOS.obj (.text:ti_sysbios_family_arm_m3_Hwi_dispatchC__I)
                  20012180    00000138     ti.targets.arm.rtsarm.aem4 : LoggerBuf.oem4 (.text:xdc_runtime_LoggerBuf_write8__E)
                  200122b8    00000136     rtsv7M4_T_le_eabi.lib : fd_div_t2.obj (.text)
                  200123ee    00000002     app_pem4.oem4 (.text:ti_sysbios_BIOS_nullFunc__I)
                  200123f0    00000134     rtsv7M4_T_le_eabi.lib : fputs.obj (.text)
                  20012524    00000134     simplelink.a : socket.obj (.text:sl_Send)
                  20012658    00000134     sysbios.aem4 : BIOS.obj (.text:ti_sysbios_knl_Clock_workFunc__E)
                  2001278c    00000124     simplelink.a : driver.obj (.text:_SlDrvDriverCBDeinit)
                  200128b0    0000011c     sysbios.aem4 : BIOS.obj (.text:ti_sysbios_knl_Swi_run__I)
                  200129cc    00000118     ti.targets.arm.rtsarm.aem4 : Error.oem4 (.text:xdc_runtime_Error_policyDefault__E)
                  20012ae4    0000010c     pinmux.obj (.text)
                  20012bf0    00000104     simplelink.a : netapp.obj (.text:_SlDrvNetAppEventHandler)
                  20012cf4    00000100     ti.targets.arm.rtsarm.aem4 : Core-mem.oem4 (.text:xdc_runtime_Core_createObject__I)
                  20012df4    000000fc     rtsv7M4_T_le_eabi.lib : fd_mul_t2.obj (.text)
                  20012ef0    000000f8     ti.targets.arm.rtsarm.aem4 : Startup.oem4 (.text:xdc_runtime_Startup_startMods__I)
                  20012fe8    000000f8     app_pem4.oem4 (.text:xdc_runtime_System_printfExtend__I)
                  200130e0    000000f4     rtsv7M4_T_le_eabi.lib : s_floor.obj (.text)
                  200131d4    000000f0     simplelink.a : device.obj (.text:sl_Stop)
                  200132c4    000000f0     driverlib.a : udma.obj (.text:uDMAChannelTransferSet)
                  200133b4    000000ec     simplelink.a : device.obj (.text:sl_Start)
                  200134a0    000000e8                  : driver.obj (.text:_SlAsyncEventGenericHandler)
                  20013588    000000e8                  : driver.obj (.text:_SlDrvMsgReadSpawnCtx)
                  20013670    000000e4                  : netapp.obj (.text:sl_NetAppMDNSRegisterUnregisterService)
                  20013754    000000dc                  : driver.obj (.text:_SlDrvClassifyRxMsg)
                  20013830    000000dc     rtsv7M4_T_le_eabi.lib : setvbuf.obj (.text)
                  2001390c    000000dc     simplelink.a : cc_pal.obj (.text:spi_Read)
                  200139e8    000000d4     ti.targets.arm.rtsarm.aem4 : LoggerBuf.oem4 (.text:xdc_runtime_LoggerBuf_write4__E)
                  20013abc    000000d0     rtsv7M4_T_le_eabi.lib : s_scalbn.obj (.text)
                  20013b8c    00000004     app_pem4.oem4 (.text:ti_sysbios_knl_Clock_TimerProxy_getMaxTicks__E)
                  20013b90    000000d0     sysbios.aem4 : BIOS.obj (.text:ti_sysbios_family_arm_m3_Hwi_Module_startup__E)
                  20013c60    000000d0                  : m3_Hwi_asm.obj (.text:ti_sysbios_family_arm_m3_Hwi_dispatch__I)
                  20013d30    000000cc     simplelink.a : netapp.obj (.text:_sl_HandleAsync_DnsGetHostByService)
                  20013dfc    000000cc                  : device.obj (.text:sl_DevGet)
                  20013ec8    000000cc     sysbios.aem4 : BIOS.obj (.text:ti_sysbios_knl_Task_schedule__I)
                  20013f94    000000cc     ti.targets.arm.rtsarm.aem4 : Core-smem.oem4 (.text:xdc_runtime_Core_constructObject__I)
                  20014060    000000c8     rtsv7M4_T_le_eabi.lib : fflush.obj (.text)
                  20014128    000000c4     simplelink.a : driver.obj (.text:_SlRemoveFromList)
                  200141ec    000000c0                  : driver.obj (.text:_SlDrvCmdOp)
                  200142ac    00000004     app_pem4.oem4 (.text:ti_sysbios_knl_Mailbox_delete)
                  200142b0    000000bc     sysbios.aem4 : BIOS.obj (.text:ti_sysbios_family_arm_m3_Hwi_excDebugMon__I)
                  2001436c    00000004     app_pem4.oem4 (.text:ti_sysbios_knl_Queue_destruct)
                  20014370    000000bc     sysbios.aem4 : BIOS.obj (.text:ti_sysbios_family_arm_m3_Hwi_excHardFault__I)
                  2001442c    00000004     app_pem4.oem4 (.text:ti_sysbios_knl_Semaphore_delete)
                  20014430    000000bc     sysbios.aem4 : BIOS.obj (.text:ti_sysbios_knl_Task_startCore__E)
                  200144ec    00000004     app_pem4.oem4 (.text:ti_sysbios_knl_Semaphore_destruct)
                  200144f0    000000b4     sysbios.aem4 : BIOS.obj (.text:ti_sysbios_gates_GateMutex_enter__E)
                  200145a4    00000004     app_pem4.oem4 (.text:ti_sysbios_knl_Task_delete)
                  200145a8    000000b4     sysbios.aem4 : BIOS.obj (.text:ti_sysbios_knl_Task_checkStacks__E)
                  2001465c    00000004     ti.targets.arm.rtsarm.aem4 : Error.oem4 (.text:xdc_runtime_Error_getSite__E)
                  20014660    000000b4     sysbios.aem4 : BIOS.obj (.text:ti_sysbios_knl_Task_yield__E)
                  20014714    000000ac     rtsv7M4_T_le_eabi.lib : _io_perm.obj (.text)
                  200147c0    000000ac     sysbios.aem4 : BIOS.obj (.text:ti_sysbios_knl_Swi_post__E)
                  2001486c    000000a8     driverlib.a : interrupt.obj (.text:IntEnable)
                  20014914    00000004     app_pem4.oem4 (.text:xdc_runtime_LoggerBuf_Module_GateProxy_enter__E)
                  20014918    000000a8     sysbios.aem4 : BIOS.obj (.text:ti_sysbios_knl_Task_blockI__E)
                  200149c0    000000a8                  : BIOS.obj (.text:ti_sysbios_knl_Task_postInit__I)
                  20014a68    000000a0     driverlib.a : spi.obj (.text:SPIConfigSetExpClk)
                  20014b08    000000a0     simplelink.a : driver.obj (.text:_SlDriverHandleError)
                  20014ba8    000000a0     auto_init.aem4 : auto_init.oem4 (.text)
                  20014c48    000000a0     simplelink.a : socket.obj (.text:sl_Recv)
                  20014ce8    000000a0     ti.targets.arm.rtsarm.aem4 : Text.oem4 (.text:xdc_runtime_Text_putMod__E)
                  20014d88    0000009c     rtsv7M4_T_le_eabi.lib : memcpy_t2.obj (.text)
                  20014e24    00000004     app_pem4.oem4 (.text:xdc_runtime_LoggerBuf_Module_GateProxy_leave__E)
                  20014e28    0000009c     sysbios.aem4 : BIOS.obj (.text:ti_sysbios_knl_Semaphore_Instance_init__E)
                  20014ec4    0000009c     ti.targets.arm.rtsarm.aem4 : LoggerBuf.oem4 (.text:xdc_runtime_LoggerBuf_setFilterLevel__E)
                  20014f60    0000009a     simplelink.a : device.obj (.text:_SlDrvDeviceEventHandler)
                  20014ffa    00000002     app_pem4.oem4 (.text:xdc_runtime_Startup_reset__I)
                  20014ffc    0000009a     ti.targets.arm.rtsarm.aem4 : Text.oem4 (.text:xdc_runtime_Text_putSite__E)
                  20015096    00000002     --HOLE-- [fill = 0]
                  20015098    00000098     rtsv7M4_T_le_eabi.lib : fclose.obj (.text)
                  20015130    00000098                           : fputc.obj (.text)
                  200151c8    00000098     simplelink.a : netcfg.obj (.text:sl_NetCfgSet)
                  20015260    00000098                  : wlan.obj (.text:sl_WlanSet)
                  200152f8    00000098     sysbios.aem4 : BIOS.obj (.text:ti_sysbios_knl_Mailbox_post__E)
                  20015390    00000094     driverlib.a : prcm.obj (.text:PRCMPeripheralClockGet)
                  20015424    00000004     app_pem4.oem4 (.text:xdc_runtime_System_Module_GateProxy_enter__E)
                  20015428    00000094     sysbios.aem4 : BIOS.obj (.text:ti_sysbios_family_arm_m3_Hwi_Instance_init__E)
                  200154bc    00000004     app_pem4.oem4 (.text:xdc_runtime_System_Module_GateProxy_leave__E)
                  200154c0    00000094     sysbios.aem4 : BIOS.obj (.text:ti_sysbios_knl_Task_exit__E)
                  20015554    00000090     simplelink.a : netapp.obj (.text:_sl_HandleAsync_DnsGetHostByName)
                  200155e4    00000090                  : netapp.obj (.text:_sl_HandleAsync_PingResponse)
                  20015674    00000090                  : wlan.obj (.text:sl_WlanPolicySet)
                  20015704    00000004     ti.targets.arm.rtsarm.aem4 : System.oem4 (.text:xdc_runtime_System_aprintf_va__F)
                  20015708    00000090     sysbios.aem4 : BIOS.obj (.text:ti_sysbios_knl_Task_unblockI__E)
                  20015798    0000008c     simplelink.a : cc_pal.obj (.text:SetupDMAReceive)
                  20015824    0000008c                  : cc_pal.obj (.text:SetupDMASend)
                  200158b0    0000008c                  : driver.obj (.text:_SlDrvIsTimeoutExpired)
                  2001593c    0000008c                  : device.obj (.text:_sl_HandleAsync_InitComplete)
                  200159c8    0000008c                  : socket.obj (.text:sl_Socket)
                  20015a54    0000008c                  : cc_pal.obj (.text:spi_Write)
                  20015ae0    0000008c     sysbios.aem4 : BIOS.obj (.text:ti_sysbios_knl_Mailbox_pend__E)
                  20015b6c    00000088     driverlib.a : pin.obj (.text:PinConfigSet)
                  20015bf4    00000088     rtsv7M4_T_le_eabi.lib : vsnprintf.obj (.text)
                  20015c7c    00000004     ti.targets.arm.rtsarm.aem4 : System.oem4 (.text:xdc_runtime_System_printf_va__F)
                  20015c80    00000088     sysbios.aem4 : BIOS.obj (.text:ti_sysbios_family_arm_m3_Hwi_initNVIC__E)
                  20015d08    00000088                  : BIOS.obj (.text:ti_sysbios_knl_Mailbox_Module_startup__E)
                  20015d90    00000086     rtsv7M4_T_le_eabi.lib : fd_cmp_t2.obj (.text:__aeabi_cdcmple)
                  20015e16    00000086                           : fd_cmp_t2.obj (.text:__aeabi_cdrcmple)
                  20015e9c    00000084     driverlib.a : i2c.obj (.text:I2CMasterInitExpClk)
                  20015f20    00000084     simplelink.a : wlan.obj (.text:sl_WlanRxFilterSet)
                  20015fa4    00000004     --HOLE-- [fill = 0]
                  20015fa8    00000084     sysbios.aem4 : BIOS.obj (.text:ti_sysbios_family_arm_m3_Hwi_postInit__I)
                  2001602c    00000082     driverlib.a : gpio.obj (.text:GPIOIntTypeSet)
                  200160ae    00000002     --HOLE-- [fill = 0]
                  200160b0    00000080     simplelink.a : socket.obj (.text:_sl_HandleAsync_Connect)
                  20016130    00000080                  : cc_pal.obj (.text:spi_Read_CPU)
                  200161b0    00000080                  : cc_pal.obj (.text:spi_Write_CPU)
                  20016230    0000007c     driverlib.a : prcm.obj (.text:PRCMRTCGet)
                  200162ac    00000004     --HOLE-- [fill = 0]
                  200162b0    0000007c     sysbios.aem4 : BIOS.obj (.text:ti_sysbios_family_arm_m3_TimestampProvider_get64__E)
                  2001632c    0000007a     rtsv7M4_T_le_eabi.lib : memset_t2.obj (.text)
                  200163a6    00000002     --HOLE-- [fill = 0]
                  200163a8    00000078     simplelink.a : cc_pal.obj (.text:spi_Close)
                  20016420    00000076     driverlib.a : uart.obj (.text:UARTConfigSetExpClk)
                  20016496    00000002     --HOLE-- [fill = 0]
                  20016498    00000074     ti.targets.arm.rtsarm.aem4 : LoggerBuf.oem4 (.text:xdc_runtime_LoggerBuf_getFilterLevel__E)
                  2001650c    00000070     driverlib.a : prcm.obj (.text:PRCMRTCSet)
                  2001657c    00000070     rtsv7M4_T_le_eabi.lib : printf.obj (.text)
                  200165ec    00000004     --HOLE-- [fill = 0]
                  200165f0    00000070     sysbios.aem4 : BIOS.obj (.text:ti_sysbios_knl_Mailbox_Instance_finalize__E)
                  20016660    0000006e     rtsv7M4_T_le_eabi.lib : fd_tos_t2.obj (.text)
                  200166ce    00000002     --HOLE-- [fill = 0]
                  200166d0    0000006d     ti.targets.arm.rtsarm.aem4 : System.oem4 (.text:xdc_runtime_System_formatNum__I)
                  2001673d    00000003     --HOLE-- [fill = 0]
                  20016740    0000006c     simplelink.a : driver.obj (.text:_SlDrvCmdSend)
                  200167ac    0000006c                  : netapp.obj (.text:_sl_NetAppSendTokenValue)
                  20016818    0000006c     rtsv7M4_T_le_eabi.lib : fprintf.obj (.text)
                  20016884    00000004     --HOLE-- [fill = 0]
                  20016888    0000006c     sysbios.aem4 : BIOS.obj (.text:ti_sysbios_knl_Swi_restoreHwi__E)
                  200168f4    0000006c     ti.targets.arm.rtsarm.aem4 : Error.oem4 (.text:xdc_runtime_Error_print__E)
                  20016960    0000006c                                : Memory.oem4 (.text:xdc_runtime_Memory_alloc__E)
                  200169cc    0000006a     rtsv7M4_T_le_eabi.lib : copy_decompress_rle.obj (.text)
                  20016a36    00000002     --HOLE-- [fill = 0]
                  20016a38    00000068                           : trgmsg.obj (.text)
                  20016aa0    00000066     ti.targets.arm.rtsarm.aem4 : Core-mem.oem4 (.text:xdc_runtime_Core_deleteObject__I)
                  20016b06    00000002     --HOLE-- [fill = 0]
                  20016b08    00000064     simplelink.a : socket.obj (.text:_sl_HandleAsync_Accept)
                  20016b6c    00000064     rtsv7M4_T_le_eabi.lib : fseek.obj (.text)
                  20016bd0    00000064     simplelink.a : netapp.obj (.text:sl_NetAppMDNSUnRegisterService)
                  20016c34    00000064     app_pem4.oem4 (.text:ti_sysbios_family_arm_m3_Hwi_create)
                  20016c98    00000064     app_pem4.oem4 (.text:ti_sysbios_knl_Mailbox_create)
                  20016cfc    00000064     driverlib.a : udma.obj (.text:uDMAChannelAttributeDisable)
                  20016d60    00000064                 : udma.obj (.text:uDMAChannelAttributeEnable)
                  20016dc4    00000060     rtsv7M4_T_le_eabi.lib : sprintf.obj (.text)
                  20016e24    00000060     simplelink.a : socket.obj (.text:sl_Close)
                  20016e84    00000060                  : wlan.obj (.text:sl_WlanProfileDel)
                  20016ee4    00000060                  : wlan.obj (.text:sl_WlanSetMode)
                  20016f44    00000004     --HOLE-- [fill = 0]
                  20016f48    00000060     sysbios.aem4 : BIOS.obj (.text:ti_sysbios_knl_Clock_logTick__E)
                  20016fa8    0000005e     rtsv7M4_T_le_eabi.lib : i_divt2.obj (.text)
                  20017006    00000002     --HOLE-- [fill = 0]
                  20017008    0000005c                           : s_frexp.obj (.text)
                  20017064    00000004     --HOLE-- [fill = 0]
                  20017068    0000005c     sysbios.aem4 : BIOS.obj (.text:ti_sysbios_knl_Swi_schedule__I)
                  200170c4    0000005c     app_pem4.oem4 (.text:ti_sysbios_knl_Task_create)
                  20017120    0000005c     app_pem4.oem4 (.text:xdc_runtime_LoggerBuf_Object__create__S)
                  2001717c    0000005b     ti.targets.arm.rtsarm.aem4 : Text.oem4 (.text:xdc_runtime_Text_putLab__E)
                  200171d7    00000001     --HOLE-- [fill = 0]
                  200171d8    00000058     driverlib.a : interrupt.obj (.text:IntPendClear)
                  20017230    00000058                 : prcm.obj (.text:PRCMPeripheralReset)
                  20017288    00000058     sysbios.aem4 : BIOS.obj (.text:ti_sysbios_family_arm_m3_Timer_setPeriod__E)
                  200172e0    00000056     rtsv7M4_T_le_eabi.lib : ltoa.obj (.text)
                  20017336    00000002     --HOLE-- [fill = 0]
                  20017338    00000054     simplelink.a : socket.obj (.text:_sl_HandleAsync_Select)
                  2001738c    00000054     rtsv7M4_T_le_eabi.lib : exit.obj (.text)
                  200173e0    00000054     sysbios.aem4 : BIOS.obj (.text:ti_sysbios_family_arm_m3_Timer_start__E)
                  20017434    00000054     ti.targets.arm.rtsarm.aem4 : Assert.oem4 (.text:xdc_runtime_Assert_raise__I)
                  20017488    00000050     driverlib.a : prcm.obj (.text:PRCMSlowClkCtrGet)
                  200174d8    00000050     simplelink.a : driver.obj (.text:_SlDrvRxIrqHandler)
                  20017528    00000050                  : device.obj (.text:_sl_HandleAsync_Stop)
                  20017578    00000050     rtsv7M4_T_le_eabi.lib : _tvaltostr.obj (.text)
                  200175c8    00000050     ti.targets.arm.rtsarm.aem4 : Startup.oem4 (.text:xdc_runtime_Startup_exec__E)
                  20017618    00000050                                : Text.oem4 (.text:xdc_runtime_Text_visitRope2__I)
                  20017668    0000004c     driverlib.a : spi.obj (.text:SPIIntEnable)
                  200176b4    0000004c     simplelink.a : driver.obj (.text:_SlDrvProtectAsyncRespSetting)
                  20017700    0000004c                  : socket.obj (.text:_sl_BuildAddress)
                  2001774c    0000004c     rtsv7M4_T_le_eabi.lib : atoi.obj (.text)
                  20017798    0000004c                           : cpy_tbl.obj (.text)
                  200177e4    0000004c     sysbios.aem4 : m3_TaskSupport_asm.obj (.text:ti_sysbios_family_arm_m3_TaskSupport_buildTaskStack)
                  20017830    0000004c                  : BIOS.obj (.text:ti_sysbios_heaps_HeapMem_getStats__E)
                  2001787c    00000004     --HOLE-- [fill = 0]
                  20017880    0000004c                  : BIOS.obj (.text:ti_sysbios_knl_Swi_runLoop__I)
                  200178cc    00000004     --HOLE-- [fill = 0]
                  200178d0    0000004c                  : BIOS.obj (.text:ti_sysbios_knl_Task_allBlockedFunction__I)
                  2001791c    0000004c     driverlib.a : udma.obj (.text:uDMAChannelAssign)
                  20017968    00000048                 : spi.obj (.text:SPIIntClear)
                  200179b0    00000048     simplelink.a : driver.obj (.text:_SlDrvBasicCmd)
                  200179f8    00000048     rtsv7M4_T_le_eabi.lib : fd_toi_t2.obj (.text)
                  20017a40    00000048     sysbios.aem4 : BIOS.obj (.text:ti_sysbios_family_arm_m3_Hwi_disableInterrupt__E)
                  20017a88    00000048                  : BIOS.obj (.text:ti_sysbios_family_arm_m3_Hwi_enableInterrupt__E)
                  20017ad0    00000048                  : BIOS.obj (.text:ti_sysbios_family_arm_m3_Hwi_excReserved__I)
                  20017b18    00000048                  : m3_Hwi_asm_switch.obj (.text:ti_sysbios_family_arm_m3_Hwi_initStacks__E)
                  20017b60    00000048                  : BIOS.obj (.text:ti_sysbios_family_arm_m3_Timer_initDevice__I)
                  20017ba8    00000046     ti.targets.arm.rtsarm.aem4 : Core-params.oem4 (.text:xdc_runtime_Core_assignParams__I)
                  20017bee    00000002     --HOLE-- [fill = 0]
                  20017bf0    00000044     driverlib.a : spi.obj (.text:SPIDmaMaskGet)
                  20017c34    00000044                 : timer.obj (.text:TimerConfigure)
                  20017c78    00000044     boot.aem4 : boot.oem4 (.text)
                  20017cbc    00000044     simplelink.a : cc_pal.obj (.text:cc_SetupTransfer)
                  20017d00    00000044     sysbios.aem4 : BIOS.obj (.text:ti_sysbios_family_arm_m3_Hwi_getStackInfo__E)
                  20017d44    00000004     --HOLE-- [fill = 0]
                  20017d48    00000044                  : BIOS.obj (.text:ti_sysbios_knl_Mailbox_postInit__I)
                  20017d8c    00000044     ti.targets.arm.rtsarm.aem4 : Error.oem4 (.text:xdc_runtime_Error_setX__E)
                  20017dd0    00000044                                : LoggerBuf.oem4 (.text:xdc_runtime_LoggerBuf_filterOutEvent__I)
                  20017e14    00000044                                : SysMin.oem4 (.text:xdc_runtime_SysMin_flush__E)
                  20017e58    00000044                                : Text.oem4 (.text:xdc_runtime_Text_xprintf__I)
                  20017e9c    00000042     simplelink.a : socket.obj (.text:sl_Htonl)
                  20017ede    00000002     --HOLE-- [fill = 0]
                  20017ee0    00000040     driverlib.a : pin.obj (.text:PinModeSet)
                  20017f20    00000040     simplelink.a : driver.obj (.text:_SlDrvSyncObjWaitTimeout)
                  20017f60    00000040                  : socket.obj (.text:_sl_TruncatePayloadByProtocol)
                  20017fa0    00000040     rtsv7M4_T_le_eabi.lib : u_divt2.obj (.text)
                  20017fe0    00000040     sysbios.aem4 : BIOS.obj (.text:ti_sysbios_family_arm_m3_Timer_Module_startup__E)
                  20018020    0000003e     app_pem4.oem4 (.text:realloc)
                  2001805e    0000003c     simplelink.a : netapp.obj (.text:CopyPingResultsToReport)
                  2001809a    00000002     --HOLE-- [fill = 0]
                  2001809c    0000003c     driverlib.a : prcm.obj (.text:PRCMPeripheralClkEnable)
                  200180d8    0000003c     simplelink.a : cc_pal.obj (.text:simplelink_timerA2_start)
                  20018114    0000003c                  : socket.obj (.text:sl_Htons)
                  20018150    0000003c     sysbios.aem4 : BIOS.obj (.text:ti_sysbios_family_arm_m3_Hwi_excSvCall__I)
                  2001818c    00000004     --HOLE-- [fill = 0]
                  20018190    0000003c                  : BIOS.obj (.text:ti_sysbios_heaps_HeapMem_init__I)
                  200181cc    00000004     --HOLE-- [fill = 0]
                  200181d0    0000003c                  : BIOS.obj (.text:ti_sysbios_knl_Swi_startup__E)
                  2001820c    0000003c     driverlib.a : udma.obj (.text:uDMAChannelControlSet)
                  20018248    0000003a     ti.targets.arm.rtsarm.aem4 : LoggerBuf.oem4 (.text:xdc_runtime_LoggerBuf_Instance_init__E)
                  20018282    00000002     --HOLE-- [fill = 0]
                  20018284    00000038     simplelink.a : cc_pal.obj (.text:NwpPowerOff)
                  200182bc    00000038     rtsv7M4_T_le_eabi.lib : fs_tod_t2.obj (.text)
                  200182f4    00000038     simplelink.a : wlan.obj (.text:sl_WlanDisconnect)
                  2001832c    00000004     --HOLE-- [fill = 0]
                  20018330    00000038     sysbios.aem4 : BIOS.obj (.text:ti_sysbios_family_arm_m3_Hwi_excNoIsr__I)
                  20018368    00000038                  : BIOS.obj (.text:ti_sysbios_knl_Task_processVitalTaskFlag__I)
                  200183a0    00000038     ti.targets.arm.rtsarm.aem4 : SysMin.oem4 (.text:xdc_runtime_SysMin_putch__E)
                  200183d8    00000038                                : System.oem4 (.text:xdc_runtime_System_atexit__E)
                  20018410    00000036     driverlib.a : gpio.obj (.text:GPIODirModeSet)
                  20018446    00000002     --HOLE-- [fill = 0]
                  20018448    00000034                 : prcm.obj (.text:PRCMPeripheralStatusGet)
                  2001847c    00000034                 : spi.obj (.text:SPIFIFOLevelSet)
                  200184b0    00000034     sysbios.aem4 : BIOS.obj (.text:ti_sysbios_family_arm_m3_Hwi_Instance_finalize__E)
                  200184e4    00000004     --HOLE-- [fill = 0]
                  200184e8    00000034                  : BIOS.obj (.text:ti_sysbios_family_arm_m3_Hwi_excNmi__I)
                  2001851c    00000004     --HOLE-- [fill = 0]
                  20018520    00000034                  : BIOS.obj (.text:ti_sysbios_family_arm_m3_Timer_periodicStub__I)
                  20018554    00000004     --HOLE-- [fill = 0]
                  20018558    00000034                  : BIOS.obj (.text:ti_sysbios_hal_Hwi_checkStack)
                  2001858c    00000034     app_pem4.oem4 (.text:ti_sysbios_knl_Semaphore_create)
                  200185c0    00000034     ti.targets.arm.rtsarm.aem4 : Core-label.oem4 (.text:xdc_runtime_Core_assignLabel__I)
                  200185f4    00000033                                : Text.oem4 (.text:xdc_runtime_Text_printVisFxn__I)
                  20018627    00000001     --HOLE-- [fill = 0]
                  20018628    00000032     sysbios.aem4 : BIOS.obj (.text:ti_sysbios_hal_Hwi_initStack)
                  2001865a    00000006     rtsv7M4_T_le_eabi.lib : copy_decompress_rle.obj (.text:decompress:rle24)
                  20018660    00000032     sysbios.aem4 : BIOS.obj (.text:ti_sysbios_knl_Semaphore_pendTimeout__I)
                  20018692    00000030     driverlib.a : pin.obj (.text:PinTypeGPIO)
                  200186c2    00000002     --HOLE-- [fill = 0]
                  200186c4    00000030                 : prcm.obj (.text:RTCU16MSecRegWrite)
                  200186f4    00000030                 : uart.obj (.text:UARTDisable)
                  20018724    00000030     rtsv7M4_T_le_eabi.lib : strncpy.obj (.text)
                  20018754    00000030     app_pem4.oem4 (.text:ti_sysbios_BIOS_atExitFunc__I)
                  20018784    00000004     --HOLE-- [fill = 0]
                  20018788    00000030     sysbios.aem4 : BIOS.obj (.text:ti_sysbios_family_arm_m3_TaskSupport_start__E)
                  200187b8    00000030     app_pem4.oem4 (.text:ti_sysbios_gates_GateHwi_Object__create__S)
                  200187e8    00000030     app_pem4.oem4 (.text:ti_sysbios_gates_GateMutex_Object__create__S)
                  20018818    00000030     app_pem4.oem4 (.text:ti_sysbios_heaps_HeapMem_Object__create__S)
                  20018848    00000030     app_pem4.oem4 (.text:ti_sysbios_knl_Semaphore_construct)
                  20018878    00000030     ti.targets.arm.rtsarm.aem4 : SysMin.oem4 (.text:xdc_runtime_SysMin_abort__E)
                  200188a8    00000030                                : System.oem4 (.text:xdc_runtime_System_processAtExit__E)
                  200188d8    0000002e     app_pem4.oem4 (.text:malloc)
                  20018906    0000002e     rtsv7M4_T_le_eabi.lib : i_tofd_t2.obj (.text)
                  20018934    0000002c     simplelink.a : cc_pal.obj (.text:DmaSpiSwIntHandler)
                  20018960    0000002c     driverlib.a : i2c.obj (.text:I2CMasterErr)
                  2001898c    0000002c     simplelink.a : cc_pal.obj (.text:NwpPowerOn)
                  200189b8    0000002c     driverlib.a : prcm.obj (.text:PRCMSysResetCauseGet)
                  200189e4    0000002c     rtsv7M4_T_le_eabi.lib : assert.obj (.text)
                  20018a10    0000002c     app_pem4.oem4 (.text:ti_sysbios_knl_Clock_doTick__I)
                  20018a3c    0000002c     app_pem4.oem4 (.text:ti_sysbios_knl_Queue_construct)
                  20018a68    0000002c     sysbios.aem4 : BIOS.obj (.text:ti_sysbios_knl_Task_restore__E)
                  20018a94    0000002c     ti.targets.arm.rtsarm.aem4 : Text.oem4 (.text:xdc_runtime_Text_cordText__E)
                  20018ac0    0000002a     driverlib.a : timer.obj (.text:TimerLoadSet)
                  20018aea    0000002a                 : timer.obj (.text:TimerPrescaleSet)
                  20018b14    0000002a     ti.targets.arm.rtsarm.aem4 : System.oem4 (.text:xdc_runtime_System_putchar__I)
                  20018b3e    00000002     --HOLE-- [fill = 0]
                  20018b40    00000028     driverlib.a : prcm.obj (.text:IsRTCUsed)
                  20018b68    00000028                 : prcm.obj (.text:PRCMPeripheralClkDisable)
                  20018b90    00000028     simplelink.a : socket.obj (.text:SL_FD_ISSET)
                  20018bb8    00000028                  : driver.obj (.text:_SlDrvObjGlobalLockWaitForever)
                  20018be0    00000028                  : driver.obj (.text:_SlDrvProtectionObjLockWaitForever)
                  20018c08    00000028     sysbios.aem4 : BIOS.obj (.text:ti_sysbios_knl_Swi_Module_startup__E)
                  20018c30    00000028     ti.targets.arm.rtsarm.aem4 : LoggerBuf.oem4 (.text:xdc_runtime_LoggerBuf_Module_startup__E)
                  20018c58    00000026     simplelink.a : cc_pal.obj (.text:NwpRegisterInterruptHandler)
                  20018c7e    00000026     rtsv7M4_T_le_eabi.lib : strncmp.obj (.text)
                  20018ca4    00000026     ti.targets.arm.rtsarm.aem4 : System.oem4 (.text:xdc_runtime_System_avprintf__E)
                  20018cca    00000002     --HOLE-- [fill = 0]
                  20018ccc    00000024     driverlib.a : prcm.obj (.text:RTCU16MSecRegRead)
                  20018cf0    00000024                 : prcm.obj (.text:RTCUseSet)
                  20018d14    00000024                 : uart.obj (.text:UARTEnable)
                  20018d38    00000024     simplelink.a : driver.obj (.text:_SlDrvGlobalObjUnLock)
                  20018d5c    00000024                  : driver.obj (.text:_SlDrvProtectionObjUnLock)
                  20018d80    00000024                  : driver.obj (.text:_SlDrvSyncObjWaitForever)
                  20018da4    00000024     rtsv7M4_T_le_eabi.lib : memmov.obj (.text)
                  20018dc8    00000024     app_pem4.oem4 (.text:ti_sysbios_BIOS_errorRaiseHook__I)
                  20018dec    00000024     app_pem4.oem4 (.text:ti_sysbios_BIOS_registerRTSLock__I)
                  20018e10    00000024     app_pem4.oem4 (.text:ti_sysbios_BIOS_removeRTSLock__I)
                  20018e34    00000024     app_pem4.oem4 (.text:ti_sysbios_BIOS_startFunc__I)
                  20018e58    00000024     sysbios.aem4 : BIOS.obj (.text:ti_sysbios_family_arm_m3_Hwi_doTaskRestore__I)
                  20018e7c    00000004     --HOLE-- [fill = 0]
                  20018e80    00000024                  : BIOS.obj (.text:ti_sysbios_family_arm_m3_Timer_startup__E)
                  20018ea4    00000024     app_pem4.oem4 (.text:ti_sysbios_gates_GateMutex_Object__delete__S)
                  20018ec8    00000024     sysbios.aem4 : BIOS.obj (.text:ti_sysbios_knl_Clock_Module_startup__E)
                  20018eec    00000024     app_pem4.oem4 (.text:ti_sysbios_knl_Semaphore_Object__delete__S)
                  20018f10    00000024     ti.targets.arm.rtsarm.aem4 : System.oem4 (.text:xdc_runtime_System_vprintf__E)
                  20018f34    00000022     driverlib.a : i2c.obj (.text:I2CMasterSlaveAddrSet)
                  20018f56    00000022     simplelink.a : socket.obj (.text:SL_FD_SET)
                  20018f78    00000022     driverlib.a : spi.obj (.text:SPIReset)
                  20018f9a    00000022                 : spi.obj (.text:SPIWordCountSet)
                  20018fbc    00000022     simplelink.a : driver.obj (.text:_SlDrvObjLockWaitForever)
                  20018fde    00000022     app_pem4.oem4 (.text:xdc_runtime_SysMin_output__I)
                  20019000    00000020     driverlib.a : gpio.obj (.text:GPIOPinWrite)
                  20019020    00000020     simplelink.a : cc_pal.obj (.text:NwpPrePowerOffTimout0)
                  20019040    00000020                  : cc_pal.obj (.text:TimerGetCurrentTimestamp)
                  20019060    00000020     rtsv7M4_T_le_eabi.lib : memchr.obj (.text)
                  20019080    00000020                           : u_tofd_t2.obj (.text)
                  200190a0    00000020     app_pem4.oem4 (.text:ti_sysbios_BIOS_rtsLock__I)
                  200190c0    00000020     app_pem4.oem4 (.text:ti_sysbios_family_arm_m3_Hwi_Object__delete__S)
                  200190e0    00000020     sysbios.aem4 : m3_Hwi_asm.obj (.text:ti_sysbios_family_arm_m3_Hwi_excHandlerAsm__I)
                  20019100    00000020                  : BIOS.obj (.text:ti_sysbios_family_arm_m3_Hwi_excHandler__I)
                  20019120    00000020                  : BIOS.obj (.text:ti_sysbios_family_arm_m3_TimestampProvider_Module_startup__E)
                  20019140    00000020     app_pem4.oem4 (.text:ti_sysbios_gates_GateHwi_Object__delete__S)
                  20019160    00000020     app_pem4.oem4 (.text:ti_sysbios_heaps_HeapMem_Object__delete__S)
                  20019180    00000020     sysbios.aem4 : BIOS.obj (.text:ti_sysbios_knl_Idle_run__E)
                  200191a0    00000020     app_pem4.oem4 (.text:ti_sysbios_knl_Mailbox_Object__delete__S)
                  200191c0    00000020     app_pem4.oem4 (.text:ti_sysbios_knl_Semaphore_Object__destruct__S)
                  200191e0    00000020     app_pem4.oem4 (.text:ti_sysbios_knl_Task_Object__delete__S)
                  20019200    00000020     app_pem4.oem4 (.text:xdc_runtime_LoggerBuf_Object__delete__S)
                  20019220    00000020     ti.targets.arm.rtsarm.aem4 : LoggerBuf.oem4 (.text:xdc_runtime_LoggerBuf_reset__E)
                  20019240    00000020                                : Registry.oem4 (.text:xdc_runtime_Registry_findById__E)
                  20019260    00000020                                : SysMin.oem4 (.text:xdc_runtime_SysMin_Module_startup__E)
                  20019280    0000001e     driverlib.a : i2c.obj (.text:I2CMasterIntStatusEx)
                  2001929e    0000001e                 : timer.obj (.text:TimerEnable)
                  200192bc    0000001e                 : uart.obj (.text:UARTCharPut)
                  200192da    0000001e     simplelink.a : driver.obj (.text:_SlDrvObjUnLock)
                  200192f8    0000001e                  : driver.obj (.text:_SlDrvSyncObjSignal)
                  20019316    0000001e                  : cc_pal.obj (.text:cc_UDMAChannelSelect)
                  20019334    0000001e     rtsv7M4_T_le_eabi.lib : strcat.obj (.text)
                  20019352    0000001e     sysbios.aem4 : m3_Hwi_asm_switch.obj (.text:ti_sysbios_family_xxx_Hwi_switchAndRunFunc)
                  20019370    0000001c     driverlib.a : pin.obj (.text:PinTypeI2C)
                  2001938c    0000001c                 : timer.obj (.text:TimerValueGet)
                  200193a8    0000001c                 : uart.obj (.text:UARTCharGetNonBlocking)
                  200193c4    0000001c     simplelink.a : driver.obj (.text:_SlDrvStartMeasureTimeout)
                  200193e0    0000001c     rtsv7M4_T_le_eabi.lib : memccpy.obj (.text)
                  200193fc    00000004     --HOLE-- [fill = 0]
                  20019400    0000001c     sysbios.aem4 : BIOS.obj (.text:ti_sysbios_family_arm_m3_Hwi_setPriority__E)
                  2001941c    00000004     --HOLE-- [fill = 0]
                  20019420    0000001c                  : BIOS.obj (.text:ti_sysbios_gates_GateMutex_Instance_init__E)
                  2001943c    0000001c     app_pem4.oem4 (.text:ti_sysbios_knl_Queue_Object__destruct__S)
                  20019458    0000001c     sysbios.aem4 : BIOS.obj (.text:ti_sysbios_knl_Task_enter__I)
                  20019474    0000001c     driverlib.a : udma.obj (.text:uDMAChannelEnable)
                  20019490    0000001c     ti.targets.arm.rtsarm.aem4 : Error.oem4 (.text:xdc_runtime_Error_raiseX__E)
                  200194ac    0000001c                                : Memory.oem4 (.text:xdc_runtime_Memory_valloc__E)
                  200194c8    0000001c                                : SysMin.oem4 (.text:xdc_runtime_SysMin_exit__E)
                  200194e4    0000001c                                : System.oem4 (.text:xdc_runtime_System_abort__E)
                  20019500    0000001a     driverlib.a : gpio.obj (.text:GPIOIntEnable)
                  2001951a    0000001a                 : pin.obj (.text:PinTypeUART)
                  20019534    0000001a                 : spi.obj (.text:SPIDmaDisable)
                  2001954e    0000001a                 : spi.obj (.text:SPIDmaEnable)
                  20019568    0000001a                 : spi.obj (.text:SPIFIFODisable)
                  20019582    0000001a                 : spi.obj (.text:SPIFIFOEnable)
                  2001959c    0000001a     app_pem4.oem4 (.text:ti_sysbios_family_arm_m3_Hwi_Handle__label__S)
                  200195b6    0000001a     sysbios.aem4 : m3_Hwi_asm.obj (.text:ti_sysbios_family_arm_m3_Hwi_pendSV__I)
                  200195d0    0000001a     app_pem4.oem4 (.text:ti_sysbios_gates_GateHwi_Handle__label__S)
                  200195ea    0000001a     app_pem4.oem4 (.text:ti_sysbios_gates_GateMutex_Handle__label__S)
                  20019604    0000001a     app_pem4.oem4 (.text:ti_sysbios_heaps_HeapMem_Handle__label__S)
                  2001961e    0000001a     app_pem4.oem4 (.text:ti_sysbios_knl_Swi_Handle__label__S)
                  20019638    0000001a     app_pem4.oem4 (.text:ti_sysbios_knl_Task_Handle__label__S)
                  20019652    00000006     ti.targets.arm.rtsarm.aem4 : System.oem4 (.text:xdc_runtime_System_Module_startup__E)
                  20019658    0000001a     sysbios.aem4 : BIOS.obj (.text:ti_sysbios_knl_Task_sleepTimeout__I)
                  20019672    0000001a     app_pem4.oem4 (.text:xdc_runtime_LoggerBuf_Handle__label__S)
                  2001968c    0000001a     app_pem4.oem4 (.text:xdc_runtime_System_aprintf__E)
                  200196a6    0000001a     app_pem4.oem4 (.text:xdc_runtime_System_printf__E)
                  200196c0    00000018     driverlib.a : gpio.obj (.text:GPIOPinRead)
                  200196d8    00000018                 : spi.obj (.text:SPICSDisable)
                  200196f0    00000018                 : spi.obj (.text:SPICSEnable)
                  20019708    00000018                 : spi.obj (.text:SPIDisable)
                  20019720    00000018                 : spi.obj (.text:SPIEnable)
                  20019738    00000018                 : uart.obj (.text:UARTCharsAvail)
                  20019750    00000018     simplelink.a : device.obj (.text:_sl_GetStartResponseConvert)
                  20019768    00000018     app_pem4.oem4 (.text:free)
                  20019780    00000018     rtsv7M4_T_le_eabi.lib : args_main.obj (.text)
                  20019798    00000018                           : strcmp.obj (.text)
                  200197b0    00000018     app_pem4.oem4 (.text:ti_sysbios_BIOS_rtsUnlock__I)
                  200197c8    00000018     app_pem4.oem4 (.text:ti_sysbios_family_arm_m3_Hwi_Module__startupDone__F)
                  200197e0    00000018     app_pem4.oem4 (.text:ti_sysbios_family_arm_m3_Timer_Module__startupDone__F)
                  200197f8    00000018     sysbios.aem4 : BIOS.obj (.text:ti_sysbios_gates_GateMutex_leave__E)
                  20019810    00000018     ti.targets.arm.rtsarm.aem4 : Error.oem4 (.text:xdc_runtime_Error_check__E)
                  20019828    00000018                                : System.oem4 (.text:xdc_runtime_System_exit__E)
                  20019840    00000018                                : Text.oem4 (.text:xdc_runtime_Text_ropeText__E)
                  20019858    00000016     driverlib.a : i2c.obj (.text:I2CMasterDataPut)
                  2001986e    00000016                 : i2c.obj (.text:I2CMasterEnable)
                  20019884    00000016                 : prcm.obj (.text:PRCMHIBRegRead)
                  2001989a    00000016                 : prcm.obj (.text:PRCMHIBRegWrite)
                  200198b0    00000016     simplelink.a : driver.obj (.text:_SlDrvMemZero)
                  200198c6    00000016     rtsv7M4_T_le_eabi.lib : strchr.obj (.text)
                  200198dc    00000016     app_pem4.oem4 (.text:ti_sysbios_BIOS_exitFunc__I)
                  200198f2    00000014     driverlib.a : cpu.obj (.text:CPUcpsie)
                  20019906    00000014                 : gpio.obj (.text:GPIOIntClear)
                  2001991a    00000002     --HOLE-- [fill = 0]
                  2001991c    00000014                 : prcm.obj (.text:RTCU32SecRegWrite)
                  20019930    00000014     rtsv7M4_T_le_eabi.lib : _lock.obj (.text)
                  20019944    00000014                           : strcpy.obj (.text)
                  20019958    00000014                           : strlen.obj (.text)
                  2001996c    00000014     app_pem4.oem4 (.text:ti_sysbios_family_arm_m3_Hwi_Object__get__S)
                  20019980    00000014     sysbios.aem4 : BIOS.obj (.text:ti_sysbios_family_arm_m3_Hwi_switchFromBootStack__E)
                  20019994    00000014     app_pem4.oem4 (.text:ti_sysbios_heaps_HeapMem_Object__get__S)
                  200199a8    00000014     app_pem4.oem4 (.text:ti_sysbios_knl_Swi_Object__get__S)
                  200199bc    00000014     app_pem4.oem4 (.text:xdc_runtime_LoggerBuf_Object__get__S)
                  200199d0    00000012     driverlib.a : i2c.obj (.text:I2CMasterControl)
                  200199e2    00000012                 : i2c.obj (.text:I2CMasterIntClearEx)
                  200199f4    00000012                 : i2c.obj (.text:I2CMasterTimeoutSet)
                  20019a06    00000002     --HOLE-- [fill = 0]
                  20019a08    00000012     sysbios.aem4 : BIOS.obj (.text:ti_sysbios_hal_Hwi_Module_startup__E)
                  20019a1a    00000006     --HOLE-- [fill = 0]
                  20019a20    00000012                  : BIOS.obj (.text:ti_sysbios_hal_Timer_Module_startup__E)
                  20019a32    00000012     ti.targets.arm.rtsarm.aem4 : LoggerBuf.oem4 (.text:xdc_runtime_LoggerBuf_Instance_finalize__E)
                  20019a44    00000012                                : LoggerBuf.oem4 (.text:xdc_runtime_LoggerBuf_write1__E)
                  20019a56    00000012                                : LoggerBuf.oem4 (.text:xdc_runtime_LoggerBuf_write2__E)
                  20019a68    00000012     app_pem4.oem4 (.text:xdc_runtime_Startup_exec__I)
                  20019a7a    00000002     --HOLE-- [fill = 0]
                  20019a7c    00000010     driverlib.a : prcm.obj (.text:RTCU32SecRegRead)
                  20019a8c    00000010     simplelink.a : socket.obj (.text:SL_FD_ZERO)
                  20019a9c    00000010                  : driver.obj (.text:_SlDrvDispatchHttpServerEvents)
                  20019aac    00000010     rtsv7M4_T_le_eabi.lib : tolower.obj (.text)
                  20019abc    00000004     --HOLE-- [fill = 0]
                  20019ac0    00000010     sysbios.aem4 : BIOS.obj (.text:ti_sysbios_BIOS_setThreadType__E)
                  20019ad0    00000010                  : BIOS.obj (.text:ti_sysbios_BIOS_start__E)
                  20019ae0    00000010                  : BIOS.obj (.text:ti_sysbios_family_arm_m3_Hwi_getHandle__E)
                  20019af0    00000010                  : m3_TaskSupport_asm.obj (.text:ti_sysbios_family_arm_m3_TaskSupport_glue)
                  20019b00    00000010                  : m3_TaskSupport_asm.obj (.text:ti_sysbios_family_arm_m3_TaskSupport_swap__E)
                  20019b10    00000010                  : BIOS.obj (.text:ti_sysbios_gates_GateMutex_Instance_finalize__E)
                  20019b20    00000010     app_pem4.oem4 (.text:ti_sysbios_knl_Mailbox_Object__get__S)
                  20019b30    00000010     sysbios.aem4 : BIOS.obj (.text:ti_sysbios_knl_Semaphore_Instance_finalize__E)
                  20019b40    00000010                  : BIOS.obj (.text:ti_sysbios_knl_Swi_disable__E)
                  20019b50    00000010     app_pem4.oem4 (.text:ti_sysbios_knl_Task_Object__get__S)
                  20019b60    00000010     sysbios.aem4 : BIOS.obj (.text:ti_sysbios_knl_Task_disable__E)
                  20019b70    00000010     ti.targets.arm.rtsarm.aem4 : Gate.oem4 (.text:xdc_runtime_Gate_leaveSystem__E)
                  20019b80    00000010                                : LoggerBuf.oem4 (.text:xdc_runtime_LoggerBuf_write0__E)
                  20019b90    00000010                                : Memory.oem4 (.text:xdc_runtime_Memory_free__E)
                  20019ba0    00000010                                : SysMin.oem4 (.text:xdc_runtime_SysMin_ready__E)
                  20019bb0    00000010                                : System.oem4 (.text:xdc_runtime_System_vsnprintf__E)
                  20019bc0    00000010     app_pem4.oem4 (.text:xdc_runtime_Text_visitRope__I)
                  20019bd0    0000000e     driverlib.a : i2c.obj (.text:I2CMasterDataGet)
                  20019bde    0000000e     simplelink.a : driver.obj (.text:_SlDrvResetCmdExt)
                  20019bec    0000000e     rtsv7M4_T_le_eabi.lib : copy_decompress_none.obj (.text:decompress:none)
                  20019bfa    0000000e                           : time.obj (.text)
                  20019c08    0000000e     sysbios.aem4 : BIOS.obj (.text:ti_sysbios_knl_Idle_loop__E)
                  20019c16    00000002     --HOLE-- [fill = 0]
                  20019c18    0000000e                  : BIOS.obj (.text:ti_sysbios_knl_Queue_empty__E)
                  20019c26    00000002     --HOLE-- [fill = 0]
                  20019c28    0000000c     simplelink.a : cc_pal.obj (.text:NwpMaskInterrupt)
                  20019c34    0000000c                  : cc_pal.obj (.text:NwpUnMaskInterrupt)
                  20019c40    0000000c     app_pem4.oem4 (.text:ti_sysbios_family_arm_m3_Hwi_Params__init__S)
                  20019c4c    00000004     --HOLE-- [fill = 0]
                  20019c50    0000000c     sysbios.aem4 : BIOS.obj (.text:ti_sysbios_family_arm_m3_Hwi_disableFxn__E)
                  20019c5c    00000004     --HOLE-- [fill = 0]
                  20019c60    0000000c                  : BIOS.obj (.text:ti_sysbios_family_arm_m3_TaskSupport_checkStack__E)
                  20019c6c    00000004     --HOLE-- [fill = 0]
                  20019c70    0000000c                  : BIOS.obj (.text:ti_sysbios_family_arm_m3_TaskSupport_getStackAlignment__E)
                  20019c7c    00000004     --HOLE-- [fill = 0]
                  20019c80    0000000c                  : BIOS.obj (.text:ti_sysbios_gates_GateHwi_enter__E)
                  20019c8c    0000000c     app_pem4.oem4 (.text:ti_sysbios_knl_Queue_Object__get__S)
                  20019c98    0000000c     app_pem4.oem4 (.text:ti_sysbios_knl_Semaphore_Params__init__S)
                  20019ca4    0000000c     app_pem4.oem4 (.text:ti_sysbios_knl_Task_Params__init__S)
                  20019cb0    0000000c     ti.targets.arm.rtsarm.aem4 : Error.oem4 (.text:xdc_runtime_Error_init__E)
                  20019cbc    0000000c                                : Gate.oem4 (.text:xdc_runtime_Gate_enterSystem__E)
                  20019cc8    0000000c                                : Memory.oem4 (.text:xdc_runtime_Memory_calloc__E)
                  20019cd4    0000000c                                : Memory.oem4 (.text:xdc_runtime_Memory_getMaxDefaultTypeAlign__E)
                  20019ce0    0000000a     driverlib.a : interrupt.obj (.text:IntMasterEnable)
                  20019cea    0000000a     app_pem4.oem4 (.text:xdc_runtime_IHeap_alloc)
                  20019cf4    0000000a     app_pem4.oem4 (.text:xdc_runtime_IHeap_free)
                  20019cfe    0000000a     ti.targets.arm.rtsarm.aem4 : LoggerBuf.oem4 (.text:xdc_runtime_LoggerBuf_disable__E)
                  20019d08    0000000a                                : LoggerBuf.oem4 (.text:xdc_runtime_LoggerBuf_enable__E)
                  20019d12    00000008     driverlib.a : prcm.obj (.text:PRCMRTCInUseSet)
                  20019d1a    00000008     rtsv7M4_T_le_eabi.lib : s_copysign.obj (.text)
                  20019d22    00000006     --HOLE-- [fill = 0]
                  20019d28    00000008     sysbios.aem4 : BIOS.obj (.text:ti_sysbios_family_arm_m3_Hwi_doSwiRestore__I)
                  20019d30    00000008                  : BIOS.obj (.text:ti_sysbios_family_arm_m3_Hwi_startup__E)
                  20019d38    00000006                  : BIOS.obj (.text:ti_sysbios_family_arm_m3_Hwi_restoreFxn__E)
                  20019d3e    00000002     --HOLE-- [fill = 0]
                  20019d40    00000006                  : BIOS.obj (.text:ti_sysbios_gates_GateHwi_leave__E)
                  20019d46    00000002     --HOLE-- [fill = 0]
                  20019d48    00000006                  : BIOS.obj (.text:ti_sysbios_heaps_HeapMem_isBlocking__E)
                  20019d4e    00000002     --HOLE-- [fill = 0]
                  20019d50    00000006                  : BIOS.obj (.text:ti_sysbios_knl_Queue_Instance_init__E)
                  20019d56    00000002     --HOLE-- [fill = 0]
                  20019d58    00000004                  : BIOS.obj (.text:ti_sysbios_family_arm_m3_Timer_getMaxTicks__E)
                  20019d5c    00000004     --HOLE-- [fill = 0]
                  20019d60    00000004                  : BIOS.obj (.text:ti_sysbios_gates_GateHwi_query__E)
                  20019d64    00000004     --HOLE-- [fill = 0]
                  20019d68    00000004                  : BIOS.obj (.text:ti_sysbios_gates_GateMutex_query__E)
                  20019d6c    00000004     --HOLE-- [fill = 0]
                  20019d70    00000004                  : BIOS.obj (.text:ti_sysbios_knl_Task_startup__E)
                  20019d74    00000004     --HOLE-- [fill = 0]
                  20019d78    00000002                  : BIOS.obj (.text:ti_sysbios_gates_GateHwi_Instance_init__E)

.const     0    20019d80    000026d2     
                  20019d80    000018cb     app_pem4.oem4 (.const:xdc_runtime_Text_charTab__A)
                  2001b64b    00000101     rtsv7M4_T_le_eabi.lib : ctype.obj (.const:.string:_ctypes_)
                  2001b74c    00000100     driverlib.a : pin.obj (.const:g_ulPinToPadMap)
                  2001b84c    000000b8     app_pem4.oem4 (.const:xdc_runtime_Text_nodeTab__A)
                  2001b904    000000ae     rtsv7M4_T_le_eabi.lib : strftime.obj (.const:.string)
                  2001b9b2    00000002     app_pem4.oem4 (.const:ti_sysbios_family_arm_m3_Hwi_Module__id__C)
                  2001b9b4    000000a8     driverlib.a : prcm.obj (.const:PRCM_PeriphRegsList)
                  2001ba5c    00000060     rtsv7M4_T_le_eabi.lib : mktime.obj (.const:$O1$$)
                  2001babc    0000004c                           : strftime.obj (.const:$O1$$)
                  2001bb08    00000048     app_pem4.oem4 (.const:.string)
                  2001bb50    0000003c     simplelink.a : driver.obj (.const:OpcodeTranslateTable)
                  2001bb8c    0000003c     app_pem4.oem4 (.const:ti_sysbios_knl_Task_Object__PARAMS__C)
                  2001bbc8    0000003c     app_pem4.oem4 (.const:xdc_runtime_LoggerBuf_Module__FXNS__C)
                  2001bc04    00000038     simplelink.a : driver.obj (.const:_SlActionLookupTable)
                  2001bc3c    00000034     app_pem4.oem4 (.const:ti_sysbios_knl_Mailbox_Object__PARAMS__C)
                  2001bc70    00000030     rtsv7M4_T_le_eabi.lib : e_pow.obj (.const:$O1$$)
                  2001bca0    00000030     controller.obj (.const:g_devices)
                  2001bcd0    00000030     app_pem4.oem4 (.const:ti_sysbios_family_arm_m3_Hwi_Object__PARAMS__C)
                  2001bd00    00000030     app_pem4.oem4 (.const:xdc_runtime_Startup_sfxnTab__A)
                  2001bd30    0000002e     controller.obj (.const:.string)
                  2001bd5e    00000002     app_pem4.oem4 (.const:ti_sysbios_family_arm_m3_Hwi_Module__loggerDefined__C)
                  2001bd60    0000002c     main.obj (.const:$P$T1$2)
                  2001bd8c    00000028     app_pem4.oem4 (.const:ti_sysbios_heaps_HeapMem_Module__FXNS__C)
                  2001bdb4    00000024     EdpKit.obj (.const:$P$T0$1)
                  2001bdd8    00000024     EdpKit.obj (.const:$P$T1$2)
                  2001bdfc    00000024     app_pem4.oem4 (.const:ti_sysbios_gates_GateHwi_Module__FXNS__C)
                  2001be20    00000024     app_pem4.oem4 (.const:ti_sysbios_gates_GateMutex_Module__FXNS__C)
                  2001be44    00000024     app_pem4.oem4 (.const:ti_sysbios_heaps_HeapMem_Object__PARAMS__C)
                  2001be68    00000024     app_pem4.oem4 (.const:ti_sysbios_knl_Semaphore_Object__PARAMS__C)
                  2001be8c    00000024     app_pem4.oem4 (.const:xdc_runtime_LoggerBuf_Object__PARAMS__C)
                  2001beb0    00000022     main.obj (.const:.string:$P$T0$1)
                  2001bed2    00000002     app_pem4.oem4 (.const:ti_sysbios_family_arm_m3_Timer_Module__id__C)
                  2001bed4    00000020     simplelink.a : driver.obj (.const:RxMsgClassLUT)
                  2001bef4    00000020     app_pem4.oem4 (.const:ti_sysbios_family_arm_m3_Hwi_Object__DESC__C)
                  2001bf14    00000020     app_pem4.oem4 (.const:ti_sysbios_gates_GateHwi_Object__DESC__C)
                  2001bf34    00000020     app_pem4.oem4 (.const:ti_sysbios_gates_GateMutex_Object__DESC__C)
                  2001bf54    00000020     app_pem4.oem4 (.const:ti_sysbios_heaps_HeapMem_Object__DESC__C)
                  2001bf74    00000020     app_pem4.oem4 (.const:ti_sysbios_knl_Mailbox_Object__DESC__C)
                  2001bf94    00000020     app_pem4.oem4 (.const:ti_sysbios_knl_Queue_Object__DESC__C)
                  2001bfb4    00000020     app_pem4.oem4 (.const:ti_sysbios_knl_Semaphore_Object__DESC__C)
                  2001bfd4    00000020     app_pem4.oem4 (.const:ti_sysbios_knl_Task_Object__DESC__C)
                  2001bff4    00000020     app_pem4.oem4 (.const:xdc_runtime_LoggerBuf_Object__DESC__C)
                  2001c014    00000018     driverlib.a : interrupt.obj (.const:g_pulEnRegs)
                  2001c02c    00000018                 : interrupt.obj (.const:g_pulUnpendRegs)
                  2001c044    00000018                 : spi.obj (.const:g_ulSPIDmaMaskMap)
                  2001c05c    00000018     app_pem4.oem4 (.const:ti_sysbios_gates_GateHwi_Object__PARAMS__C)
                  2001c074    00000018     app_pem4.oem4 (.const:ti_sysbios_gates_GateMutex_Object__PARAMS__C)
                  2001c08c    00000018     app_pem4.oem4 (.const:ti_sysbios_knl_Queue_Object__PARAMS__C)
                  2001c0a4    00000018     app_pem4.oem4 (.const:xdc_runtime_Startup_sfxnRts__A)
                  2001c0bc    00000014     simplelink.a : driver.obj (.const:$P$T0$1)
                  2001c0d0    00000014     main.obj (.const:$P$T2$3)
                  2001c0e4    00000010     simplelink.a : socket.obj (.const:.string:_SlPayloadByProtocolLUT)
                  2001c0f4    0000000d     tradoff.obj (.const:.string:$P$T0$1)
                  2001c101    00000001     app_pem4.oem4 (.const:xdc_runtime_Error_policy__C)
                  2001c102    00000002     app_pem4.oem4 (.const:ti_sysbios_family_arm_m3_TimestampProvider_configTimer__C)
                  2001c104    0000000c     main.obj (.const:$P$T4$5)
                  2001c110    0000000c     main.obj (.const:.string:$P$T3$4)
                  2001c11c    0000000c     app_pem4.oem4 (.const:xdc_runtime_Startup_firstFxns__A)
                  2001c128    00000008     simplelink.a : device.obj (.const:StartResponseLUT)
                  2001c130    00000008                  : driver.obj (.const:g_H2NCnysPattern)
                  2001c138    00000008                  : driver.obj (.const:g_H2NSyncPattern)
                  2001c140    00000008     app_pem4.oem4 (.const:ti_sysbios_family_arm_m3_Hwi_excHookFuncs__A)
                  2001c148    00000008     app_pem4.oem4 (.const:ti_sysbios_knl_Idle_funcList__C)
                  2001c150    00000008     app_pem4.oem4 (.const:xdc_runtime_Startup_firstFxns__C)
                  2001c158    00000008     app_pem4.oem4 (.const:xdc_runtime_Startup_lastFxns__C)
                  2001c160    00000007     cJSON.obj (.const:.string:firstByteMark)
                  2001c167    00000005     main.obj (.const:.string:$P$T5$6)
                  2001c16c    00000004     simplelink.a : wlan.obj (.const:$P$T0$1)
                  2001c170    00000004                  : socket.obj (.const:$P$T2$3)
                  2001c174    00000004                  : device.obj (.const:_SlDeviceGetCmdCtrl)
                  2001c178    00000004                  : netapp.obj (.const:_SlNetAppSendTokenValueCmdCtrl)
                  2001c17c    00000004                  : netcfg.obj (.const:_SlNetCfgSetCmdCtrl)
                  2001c180    00000004                  : wlan.obj (.const:_SlPolicySetCmdCtrl)
                  2001c184    00000004                  : wlan.obj (.const:_SlProfileDelCmdCtrl)
                  2001c188    00000004                  : socket.obj (.const:_SlRecvCmdCtrl)
                  2001c18c    00000004                  : netapp.obj (.const:_SlRegisterServiceCtrl)
                  2001c190    00000004                  : wlan.obj (.const:_SlRxFilterSetCmdCtrl)
                  2001c194    00000004                  : socket.obj (.const:_SlSelectCmdCtrl)
                  2001c198    00000004                  : socket.obj (.const:_SlSendCmdCtrl)
                  2001c19c    00000004                  : socket.obj (.const:_SlSockCloseCmdCtrl)
                  2001c1a0    00000004                  : socket.obj (.const:_SlSockSocketCmdCtrl)
                  2001c1a4    00000004                  : device.obj (.const:_SlStopCmdCtrl)
                  2001c1a8    00000004                  : wlan.obj (.const:_SlWlanCfgSetCmdCtrl)
                  2001c1ac    00000004                  : wlan.obj (.const:_SlWlanSetModeCmdCtrl)
                  2001c1b0    00000004     app_pem4.oem4 (.const:ti_sysbios_family_arm_m3_Hwi_E_NMI__C)
                  2001c1b4    00000004     app_pem4.oem4 (.const:ti_sysbios_family_arm_m3_Hwi_E_alreadyDefined__C)
                  2001c1b8    00000004     app_pem4.oem4 (.const:ti_sysbios_family_arm_m3_Hwi_E_busFault__C)
                  2001c1bc    00000004     app_pem4.oem4 (.const:ti_sysbios_family_arm_m3_Hwi_E_debugMon__C)
                  2001c1c0    00000004     app_pem4.oem4 (.const:ti_sysbios_family_arm_m3_Hwi_E_hardFault__C)
                  2001c1c4    00000004     app_pem4.oem4 (.const:ti_sysbios_family_arm_m3_Hwi_E_memFault__C)
                  2001c1c8    00000004     app_pem4.oem4 (.const:ti_sysbios_family_arm_m3_Hwi_E_noIsr__C)
                  2001c1cc    00000004     app_pem4.oem4 (.const:ti_sysbios_family_arm_m3_Hwi_E_reserved__C)
                  2001c1d0    00000004     app_pem4.oem4 (.const:ti_sysbios_family_arm_m3_Hwi_E_svCall__C)
                  2001c1d4    00000004     app_pem4.oem4 (.const:ti_sysbios_family_arm_m3_Hwi_E_usageFault__C)
                  2001c1d8    00000004     app_pem4.oem4 (.const:ti_sysbios_family_arm_m3_Hwi_LD_end__C)
                  2001c1dc    00000004     app_pem4.oem4 (.const:ti_sysbios_family_arm_m3_Hwi_LM_begin__C)
                  2001c1e0    00000004     app_pem4.oem4 (.const:ti_sysbios_family_arm_m3_Hwi_Module__diagsEnabled__C)
                  2001c1e4    00000004     app_pem4.oem4 (.const:ti_sysbios_family_arm_m3_Hwi_Module__diagsIncluded__C)
                  2001c1e8    00000004     app_pem4.oem4 (.const:ti_sysbios_family_arm_m3_Hwi_Module__diagsMask__C)
                  2001c1ec    00000004     app_pem4.oem4 (.const:ti_sysbios_family_arm_m3_Hwi_Module__loggerFxn1__C)
                  2001c1f0    00000004     app_pem4.oem4 (.const:ti_sysbios_family_arm_m3_Hwi_Module__loggerFxn8__C)
                  2001c1f4    00000004     app_pem4.oem4 (.const:ti_sysbios_family_arm_m3_Hwi_Module__loggerObj__C)
                  2001c1f8    00000004     app_pem4.oem4 (.const:ti_sysbios_family_arm_m3_Hwi_NUM_INTERRUPTS__C)
                  2001c1fc    00000004     app_pem4.oem4 (.const:ti_sysbios_family_arm_m3_Hwi_Object__count__C)
                  2001c200    00000004     app_pem4.oem4 (.const:ti_sysbios_family_arm_m3_Hwi_ccr__C)
                  2001c204    00000004     app_pem4.oem4 (.const:ti_sysbios_family_arm_m3_Hwi_excHandlerFunc__C)
                  2001c208    00000004     app_pem4.oem4 (.const:ti_sysbios_family_arm_m3_Hwi_excHookFuncs__C)
                  2001c20c    00000004     app_pem4.oem4 (.const:ti_sysbios_family_arm_m3_Hwi_nullIsrFunc__C)
                  2001c210    00000004     app_pem4.oem4 (.const:ti_sysbios_family_arm_m3_Hwi_priGroup__C)
                  2001c214    00000004     app_pem4.oem4 (.const:ti_sysbios_family_arm_m3_TaskSupport_stackAlignment__C)
                  2001c218    00000004     app_pem4.oem4 (.const:ti_sysbios_family_arm_m3_Timer_E_cannotSupport__C)
                  2001c21c    00000004     app_pem4.oem4 (.const:ti_sysbios_family_arm_m3_Timer_startupNeeded__C)
                  2001c220    00000004     app_pem4.oem4 (.const:ti_sysbios_gates_GateMutex_A_badContext__C)
                  2001c224    00000004     app_pem4.oem4 (.const:ti_sysbios_gates_GateMutex_Instance_State_sem__O)
                  2001c228    00000004     app_pem4.oem4 (.const:ti_sysbios_gates_GateMutex_Module__diagsEnabled__C)
                  2001c22c    00000004     app_pem4.oem4 (.const:ti_sysbios_gates_GateMutex_Module__diagsIncluded__C)
                  2001c230    00000004     app_pem4.oem4 (.const:ti_sysbios_gates_GateMutex_Module__diagsMask__C)
                  2001c234    00000004     app_pem4.oem4 (.const:ti_sysbios_hal_Hwi_E_stackOverflow__C)
                  2001c238    00000004     app_pem4.oem4 (.const:ti_sysbios_heaps_HeapMem_A_align__C)
                  2001c23c    00000004     app_pem4.oem4 (.const:ti_sysbios_heaps_HeapMem_A_heapSize__C)
                  2001c240    00000004     app_pem4.oem4 (.const:ti_sysbios_heaps_HeapMem_A_invalidFree__C)
                  2001c244    00000004     app_pem4.oem4 (.const:ti_sysbios_heaps_HeapMem_A_zeroBlock__C)
                  2001c248    00000004     app_pem4.oem4 (.const:ti_sysbios_heaps_HeapMem_E_memory__C)
                  2001c24c    00000004     app_pem4.oem4 (.const:ti_sysbios_heaps_HeapMem_Module__diagsEnabled__C)
                  2001c250    00000004     app_pem4.oem4 (.const:ti_sysbios_heaps_HeapMem_Module__diagsIncluded__C)
                  2001c254    00000004     app_pem4.oem4 (.const:ti_sysbios_heaps_HeapMem_Module__diagsMask__C)
                  2001c258    00000004     app_pem4.oem4 (.const:ti_sysbios_heaps_HeapMem_Module__gateObj__C)
                  2001c25c    00000004     app_pem4.oem4 (.const:ti_sysbios_heaps_HeapMem_Object__count__C)
                  2001c260    00000004     app_pem4.oem4 (.const:ti_sysbios_heaps_HeapMem_reqAlign__C)
                  2001c264    00000004     app_pem4.oem4 (.const:ti_sysbios_knl_Clock_LM_begin__C)
                  2001c268    00000004     app_pem4.oem4 (.const:ti_sysbios_knl_Clock_LM_tick__C)
                  2001c26c    00000004     app_pem4.oem4 (.const:ti_sysbios_knl_Clock_LW_delayed__C)
                  2001c270    00000004     app_pem4.oem4 (.const:ti_sysbios_knl_Clock_Module_State_clockQ__O)
                  2001c274    00000004     app_pem4.oem4 (.const:ti_sysbios_knl_Clock_Module__diagsEnabled__C)
                  2001c278    00000004     app_pem4.oem4 (.const:ti_sysbios_knl_Clock_Module__diagsIncluded__C)
                  2001c27c    00000004     app_pem4.oem4 (.const:ti_sysbios_knl_Clock_Module__diagsMask__C)
                  2001c280    00000004     app_pem4.oem4 (.const:ti_sysbios_knl_Clock_Module__loggerFxn1__C)
                  2001c284    00000004     app_pem4.oem4 (.const:ti_sysbios_knl_Clock_Module__loggerFxn2__C)
                  2001c288    00000004     app_pem4.oem4 (.const:ti_sysbios_knl_Clock_Module__loggerObj__C)
                  2001c28c    00000004     app_pem4.oem4 (.const:ti_sysbios_knl_Clock_tickPeriod__C)
                  2001c290    00000004     app_pem4.oem4 (.const:ti_sysbios_knl_Idle_funcList__A)
                  2001c294    00000004     app_pem4.oem4 (.const:ti_sysbios_knl_Mailbox_A_invalidBufSize__C)
                  2001c298    00000004     app_pem4.oem4 (.const:ti_sysbios_knl_Mailbox_Instance_State_dataQue__O)
                  2001c29c    00000004     app_pem4.oem4 (.const:ti_sysbios_knl_Mailbox_Instance_State_dataSem__O)
                  2001c2a0    00000004     app_pem4.oem4 (.const:ti_sysbios_knl_Mailbox_Instance_State_freeQue__O)
                  2001c2a4    00000004     app_pem4.oem4 (.const:ti_sysbios_knl_Mailbox_Instance_State_freeSem__O)
                  2001c2a8    00000004     app_pem4.oem4 (.const:ti_sysbios_knl_Mailbox_Module__diagsEnabled__C)
                  2001c2ac    00000004     app_pem4.oem4 (.const:ti_sysbios_knl_Mailbox_Module__diagsIncluded__C)
                  2001c2b0    00000004     app_pem4.oem4 (.const:ti_sysbios_knl_Mailbox_Module__diagsMask__C)
                  2001c2b4    00000004     app_pem4.oem4 (.const:ti_sysbios_knl_Mailbox_Object__count__C)
                  2001c2b8    00000004     app_pem4.oem4 (.const:ti_sysbios_knl_Mailbox_maxTypeAlign__C)
                  2001c2bc    00000004     app_pem4.oem4 (.const:ti_sysbios_knl_Semaphore_A_badContext__C)
                  2001c2c0    00000004     app_pem4.oem4 (.const:ti_sysbios_knl_Semaphore_A_noEvents__C)
                  2001c2c4    00000004     app_pem4.oem4 (.const:ti_sysbios_knl_Semaphore_A_overflow__C)
                  2001c2c8    00000004     app_pem4.oem4 (.const:ti_sysbios_knl_Semaphore_A_pendTaskDisabled__C)
                  2001c2cc    00000004     app_pem4.oem4 (.const:ti_sysbios_knl_Semaphore_Instance_State_pendQ__O)
                  2001c2d0    00000004     app_pem4.oem4 (.const:ti_sysbios_knl_Semaphore_LM_pend__C)
                  2001c2d4    00000004     app_pem4.oem4 (.const:ti_sysbios_knl_Semaphore_LM_post__C)
                  2001c2d8    00000004     app_pem4.oem4 (.const:ti_sysbios_knl_Semaphore_Module__diagsEnabled__C)
                  2001c2dc    00000004     app_pem4.oem4 (.const:ti_sysbios_knl_Semaphore_Module__diagsIncluded__C)
                  2001c2e0    00000004     app_pem4.oem4 (.const:ti_sysbios_knl_Semaphore_Module__diagsMask__C)
                  2001c2e4    00000004     app_pem4.oem4 (.const:ti_sysbios_knl_Semaphore_Module__loggerFxn2__C)
                  2001c2e8    00000004     app_pem4.oem4 (.const:ti_sysbios_knl_Semaphore_Module__loggerFxn4__C)
                  2001c2ec    00000004     app_pem4.oem4 (.const:ti_sysbios_knl_Semaphore_Module__loggerObj__C)
                  2001c2f0    00000004     app_pem4.oem4 (.const:ti_sysbios_knl_Swi_LD_end__C)
                  2001c2f4    00000004     app_pem4.oem4 (.const:ti_sysbios_knl_Swi_LM_begin__C)
                  2001c2f8    00000004     app_pem4.oem4 (.const:ti_sysbios_knl_Swi_LM_post__C)
                  2001c2fc    00000004     app_pem4.oem4 (.const:ti_sysbios_knl_Swi_Module__diagsEnabled__C)
                  2001c300    00000004     app_pem4.oem4 (.const:ti_sysbios_knl_Swi_Module__diagsIncluded__C)
                  2001c304    00000004     app_pem4.oem4 (.const:ti_sysbios_knl_Swi_Module__diagsMask__C)
                  2001c308    00000004     app_pem4.oem4 (.const:ti_sysbios_knl_Swi_Module__loggerFxn1__C)
                  2001c30c    00000004     app_pem4.oem4 (.const:ti_sysbios_knl_Swi_Module__loggerFxn4__C)
                  2001c310    00000004     app_pem4.oem4 (.const:ti_sysbios_knl_Swi_Module__loggerObj__C)
                  2001c314    00000004     app_pem4.oem4 (.const:ti_sysbios_knl_Swi_Object__count__C)
                  2001c318    00000004     app_pem4.oem4 (.const:ti_sysbios_knl_Task_A_badPriority__C)
                  2001c31c    00000004     app_pem4.oem4 (.const:ti_sysbios_knl_Task_A_badTaskState__C)
                  2001c320    00000004     app_pem4.oem4 (.const:ti_sysbios_knl_Task_A_badThreadType__C)
                  2001c324    00000004     app_pem4.oem4 (.const:ti_sysbios_knl_Task_A_badTimeout__C)
                  2001c328    00000004     app_pem4.oem4 (.const:ti_sysbios_knl_Task_A_noPendElem__C)
                  2001c32c    00000004     app_pem4.oem4 (.const:ti_sysbios_knl_Task_A_sleepTaskDisabled__C)
                  2001c330    00000004     app_pem4.oem4 (.const:ti_sysbios_knl_Task_E_spOutOfBounds__C)
                  2001c334    00000004     app_pem4.oem4 (.const:ti_sysbios_knl_Task_E_stackOverflow__C)
                  2001c338    00000004     app_pem4.oem4 (.const:ti_sysbios_knl_Task_LD_block__C)
                  2001c33c    00000004     app_pem4.oem4 (.const:ti_sysbios_knl_Task_LD_exit__C)
                  2001c340    00000004     app_pem4.oem4 (.const:ti_sysbios_knl_Task_LD_ready__C)
                  2001c344    00000004     app_pem4.oem4 (.const:ti_sysbios_knl_Task_LM_sleep__C)
                  2001c348    00000004     app_pem4.oem4 (.const:ti_sysbios_knl_Task_LM_switch__C)
                  2001c34c    00000004     app_pem4.oem4 (.const:ti_sysbios_knl_Task_LM_yield__C)
                  2001c350    00000004     app_pem4.oem4 (.const:ti_sysbios_knl_Task_Module_State_inactiveQ__O)
                  2001c354    00000004     app_pem4.oem4 (.const:ti_sysbios_knl_Task_Module__diagsEnabled__C)
                  2001c358    00000004     app_pem4.oem4 (.const:ti_sysbios_knl_Task_Module__diagsIncluded__C)
                  2001c35c    00000004     app_pem4.oem4 (.const:ti_sysbios_knl_Task_Module__diagsMask__C)
                  2001c360    00000004     app_pem4.oem4 (.const:ti_sysbios_knl_Task_Module__loggerFxn2__C)
                  2001c364    00000004     app_pem4.oem4 (.const:ti_sysbios_knl_Task_Module__loggerFxn4__C)
                  2001c368    00000004     app_pem4.oem4 (.const:ti_sysbios_knl_Task_Module__loggerObj__C)
                  2001c36c    00000004     app_pem4.oem4 (.const:ti_sysbios_knl_Task_Object__count__C)
                  2001c370    00000004     app_pem4.oem4 (.const:ti_sysbios_knl_Task_allBlockedFunc__C)
                  2001c374    00000004     app_pem4.oem4 (.const:ti_sysbios_knl_Task_defaultStackHeap__C)
                  2001c378    00000004     app_pem4.oem4 (.const:ti_sysbios_knl_Task_defaultStackSize__C)
                  2001c37c    00000004     app_pem4.oem4 (.const:ti_sysbios_knl_Task_numConstructedTasks__C)
                  2001c380    00000004     app_pem4.oem4 (.const:xdc_runtime_Assert_E_assertFailed__C)
                  2001c384    00000004     app_pem4.oem4 (.const:xdc_runtime_Core_A_initializedParams__C)
                  2001c388    00000004     app_pem4.oem4 (.const:xdc_runtime_Core_Module__diagsEnabled__C)
                  2001c38c    00000004     app_pem4.oem4 (.const:xdc_runtime_Core_Module__diagsIncluded__C)
                  2001c390    00000004     app_pem4.oem4 (.const:xdc_runtime_Core_Module__diagsMask__C)
                  2001c394    00000004     app_pem4.oem4 (.const:xdc_runtime_Error_E_memory__C)
                  2001c398    00000004     app_pem4.oem4 (.const:xdc_runtime_Error_Module__diagsEnabled__C)
                  2001c39c    00000004     app_pem4.oem4 (.const:xdc_runtime_Error_Module__diagsIncluded__C)
                  2001c3a0    00000004     app_pem4.oem4 (.const:xdc_runtime_Error_Module__diagsMask__C)
                  2001c3a4    00000004     app_pem4.oem4 (.const:xdc_runtime_Error_Module__loggerFxn8__C)
                  2001c3a8    00000004     app_pem4.oem4 (.const:xdc_runtime_Error_Module__loggerObj__C)
                  2001c3ac    00000004     app_pem4.oem4 (.const:xdc_runtime_Error_policyFxn__C)
                  2001c3b0    00000004     app_pem4.oem4 (.const:xdc_runtime_Error_raiseHook__C)
                  2001c3b4    00000004     app_pem4.oem4 (.const:xdc_runtime_IFilterLogger_Interface__BASE__C)
                  2001c3b8    00000004     app_pem4.oem4 (.const:xdc_runtime_IGateProvider_Interface__BASE__C)
                  2001c3bc    00000004     app_pem4.oem4 (.const:xdc_runtime_IHeap_Interface__BASE__C)
                  2001c3c0    00000004     app_pem4.oem4 (.const:xdc_runtime_ILogger_Interface__BASE__C)
                  2001c3c4    00000004     app_pem4.oem4 (.const:xdc_runtime_IModule_Interface__BASE__C)
                  2001c3c8    00000004     app_pem4.oem4 (.const:xdc_runtime_Log_L_error__C)
                  2001c3cc    00000004     app_pem4.oem4 (.const:xdc_runtime_LoggerBuf_E_badLevel__C)
                  2001c3d0    00000004     app_pem4.oem4 (.const:xdc_runtime_LoggerBuf_Module__gateObj__C)
[...]
2001c1d4  ti_sysbios_family_arm_m3_Hwi_E_usageFault__C                
2001c1d8  ti_sysbios_family_arm_m3_Hwi_LD_end__C                      
2001c1dc  ti_sysbios_family_arm_m3_Hwi_LM_begin__C                    
2001c1e0  ti_sysbios_family_arm_m3_Hwi_Module__diagsEnabled__C        
2001c1e4  ti_sysbios_family_arm_m3_Hwi_Module__diagsIncluded__C       
2001c1e8  ti_sysbios_family_arm_m3_Hwi_Module__diagsMask__C           
2001c1ec  ti_sysbios_family_arm_m3_Hwi_Module__loggerFxn1__C          
2001c1f0  ti_sysbios_family_arm_m3_Hwi_Module__loggerFxn8__C          
2001c1f4  ti_sysbios_family_arm_m3_Hwi_Module__loggerObj__C           
2001c1f8  ti_sysbios_family_arm_m3_Hwi_NUM_INTERRUPTS__C              
2001c1fc  ti_sysbios_family_arm_m3_Hwi_Object__count__C               
2001c200  ti_sysbios_family_arm_m3_Hwi_ccr__C                         
2001c204  ti_sysbios_family_arm_m3_Hwi_excHandlerFunc__C              
2001c208  ti_sysbios_family_arm_m3_Hwi_excHookFuncs__C                
2001c20c  ti_sysbios_family_arm_m3_Hwi_nullIsrFunc__C                 
2001c210  ti_sysbios_family_arm_m3_Hwi_priGroup__C                    
2001c214  ti_sysbios_family_arm_m3_TaskSupport_stackAlignment__C      
2001c218  ti_sysbios_family_arm_m3_Timer_E_cannotSupport__C           
2001c21c  ti_sysbios_family_arm_m3_Timer_startupNeeded__C             
2001c220  ti_sysbios_gates_GateMutex_A_badContext__C                  
2001c224  ti_sysbios_gates_GateMutex_Instance_State_sem__O            
2001c228  ti_sysbios_gates_GateMutex_Module__diagsEnabled__C          
2001c22c  ti_sysbios_gates_GateMutex_Module__diagsIncluded__C         
2001c230  ti_sysbios_gates_GateMutex_Module__diagsMask__C             
2001c234  ti_sysbios_hal_Hwi_E_stackOverflow__C                       
2001c238  ti_sysbios_heaps_HeapMem_A_align__C                         
2001c23c  ti_sysbios_heaps_HeapMem_A_heapSize__C                      
2001c240  ti_sysbios_heaps_HeapMem_A_invalidFree__C                   
2001c244  ti_sysbios_heaps_HeapMem_A_zeroBlock__C                     
2001c248  ti_sysbios_heaps_HeapMem_E_memory__C                        
2001c24c  ti_sysbios_heaps_HeapMem_Module__diagsEnabled__C            
2001c250  ti_sysbios_heaps_HeapMem_Module__diagsIncluded__C           
2001c254  ti_sysbios_heaps_HeapMem_Module__diagsMask__C               
2001c258  ti_sysbios_heaps_HeapMem_Module__gateObj__C                 
2001c25c  ti_sysbios_heaps_HeapMem_Object__count__C                   
2001c260  ti_sysbios_heaps_HeapMem_reqAlign__C                        
2001c264  ti_sysbios_knl_Clock_LM_begin__C                            
2001c268  ti_sysbios_knl_Clock_LM_tick__C                             
2001c26c  ti_sysbios_knl_Clock_LW_delayed__C                          
2001c270  ti_sysbios_knl_Clock_Module_State_clockQ__O                 
2001c274  ti_sysbios_knl_Clock_Module__diagsEnabled__C                
2001c278  ti_sysbios_knl_Clock_Module__diagsIncluded__C               
2001c27c  ti_sysbios_knl_Clock_Module__diagsMask__C                   
2001c280  ti_sysbios_knl_Clock_Module__loggerFxn1__C                  
2001c284  ti_sysbios_knl_Clock_Module__loggerFxn2__C                  
2001c288  ti_sysbios_knl_Clock_Module__loggerObj__C                   
2001c28c  ti_sysbios_knl_Clock_tickPeriod__C                          
2001c290  ti_sysbios_knl_Idle_funcList__A                             
2001c294  ti_sysbios_knl_Mailbox_A_invalidBufSize__C                  
2001c298  ti_sysbios_knl_Mailbox_Instance_State_dataQue__O            
2001c29c  ti_sysbios_knl_Mailbox_Instance_State_dataSem__O            
2001c2a0  ti_sysbios_knl_Mailbox_Instance_State_freeQue__O            
2001c2a4  ti_sysbios_knl_Mailbox_Instance_State_freeSem__O            
2001c2a8  ti_sysbios_knl_Mailbox_Module__diagsEnabled__C              
2001c2ac  ti_sysbios_knl_Mailbox_Module__diagsIncluded__C             
2001c2b0  ti_sysbios_knl_Mailbox_Module__diagsMask__C                 
2001c2b4  ti_sysbios_knl_Mailbox_Object__count__C                     
2001c2b8  ti_sysbios_knl_Mailbox_maxTypeAlign__C                      
2001c2bc  ti_sysbios_knl_Semaphore_A_badContext__C                    
2001c2c0  ti_sysbios_knl_Semaphore_A_noEvents__C                      
2001c2c4  ti_sysbios_knl_Semaphore_A_overflow__C                      
2001c2c8  ti_sysbios_knl_Semaphore_A_pendTaskDisabled__C              
2001c2cc  ti_sysbios_knl_Semaphore_Instance_State_pendQ__O            
2001c2d0  ti_sysbios_knl_Semaphore_LM_pend__C                         
2001c2d4  ti_sysbios_knl_Semaphore_LM_post__C                         
2001c2d8  ti_sysbios_knl_Semaphore_Module__diagsEnabled__C            
2001c2dc  ti_sysbios_knl_Semaphore_Module__diagsIncluded__C           
2001c2e0  ti_sysbios_knl_Semaphore_Module__diagsMask__C               
2001c2e4  ti_sysbios_knl_Semaphore_Module__loggerFxn2__C              
2001c2e8  ti_sysbios_knl_Semaphore_Module__loggerFxn4__C              
2001c2ec  ti_sysbios_knl_Semaphore_Module__loggerObj__C               
2001c2f0  ti_sysbios_knl_Swi_LD_end__C                                
2001c2f4  ti_sysbios_knl_Swi_LM_begin__C                              
2001c2f8  ti_sysbios_knl_Swi_LM_post__C                               
2001c2fc  ti_sysbios_knl_Swi_Module__diagsEnabled__C                  
2001c300  ti_sysbios_knl_Swi_Module__diagsIncluded__C                 
2001c304  ti_sysbios_knl_Swi_Module__diagsMask__C                     
2001c308  ti_sysbios_knl_Swi_Module__loggerFxn1__C                    
2001c30c  ti_sysbios_knl_Swi_Module__loggerFxn4__C                    
2001c310  ti_sysbios_knl_Swi_Module__loggerObj__C                     
2001c314  ti_sysbios_knl_Swi_Object__count__C                         
2001c318  ti_sysbios_knl_Task_A_badPriority__C                        
2001c31c  ti_sysbios_knl_Task_A_badTaskState__C                       
2001c320  ti_sysbios_knl_Task_A_badThreadType__C                      
2001c324  ti_sysbios_knl_Task_A_badTimeout__C                         
2001c328  ti_sysbios_knl_Task_A_noPendElem__C                         
2001c32c  ti_sysbios_knl_Task_A_sleepTaskDisabled__C                  
2001c330  ti_sysbios_knl_Task_E_spOutOfBounds__C                      
2001c334  ti_sysbios_knl_Task_E_stackOverflow__C                      
2001c338  ti_sysbios_knl_Task_LD_block__C                             
2001c33c  ti_sysbios_knl_Task_LD_exit__C                              
2001c340  ti_sysbios_knl_Task_LD_ready__C                             
2001c344  ti_sysbios_knl_Task_LM_sleep__C                             
2001c348  ti_sysbios_knl_Task_LM_switch__C                            
2001c34c  ti_sysbios_knl_Task_LM_yield__C                             
2001c350  ti_sysbios_knl_Task_Module_State_inactiveQ__O               
2001c354  ti_sysbios_knl_Task_Module__diagsEnabled__C                 
2001c358  ti_sysbios_knl_Task_Module__diagsIncluded__C                
2001c35c  ti_sysbios_knl_Task_Module__diagsMask__C                    
2001c360  ti_sysbios_knl_Task_Module__loggerFxn2__C                   
2001c364  ti_sysbios_knl_Task_Module__loggerFxn4__C                   
2001c368  ti_sysbios_knl_Task_Module__loggerObj__C                    
2001c36c  ti_sysbios_knl_Task_Object__count__C                        
2001c370  ti_sysbios_knl_Task_allBlockedFunc__C                       
2001c374  ti_sysbios_knl_Task_defaultStackHeap__C                     
2001c378  ti_sysbios_knl_Task_defaultStackSize__C                     
2001c37c  ti_sysbios_knl_Task_numConstructedTasks__C                  
2001c380  xdc_runtime_Assert_E_assertFailed__C                        
2001c384  xdc_runtime_Core_A_initializedParams__C                     
2001c388  xdc_runtime_Core_Module__diagsEnabled__C                    
2001c38c  xdc_runtime_Core_Module__diagsIncluded__C                   
2001c390  xdc_runtime_Core_Module__diagsMask__C                       
2001c394  xdc_runtime_Error_E_memory__C                               
2001c398  xdc_runtime_Error_Module__diagsEnabled__C                   
2001c39c  xdc_runtime_Error_Module__diagsIncluded__C                  
2001c3a0  xdc_runtime_Error_Module__diagsMask__C                      
2001c3a4  xdc_runtime_Error_Module__loggerFxn8__C                     
2001c3a8  xdc_runtime_Error_Module__loggerObj__C                      
2001c3ac  xdc_runtime_Error_policyFxn__C                              
2001c3b0  xdc_runtime_Error_raiseHook__C                              
2001c3b4  xdc_runtime_IFilterLogger_Interface__BASE__C                
2001c3b8  xdc_runtime_IGateProvider_Interface__BASE__C                
2001c3bc  xdc_runtime_IHeap_Interface__BASE__C                        
2001c3c0  xdc_runtime_ILogger_Interface__BASE__C                      
2001c3c4  xdc_runtime_IModule_Interface__BASE__C                      
2001c3c8  xdc_runtime_Log_L_error__C                                  
2001c3cc  xdc_runtime_LoggerBuf_E_badLevel__C                         
2001c3d0  xdc_runtime_LoggerBuf_Module__gateObj__C                    
2001c3d4  xdc_runtime_LoggerBuf_Object__count__C                      
2001c3d8  xdc_runtime_LoggerBuf_statusLogger__C                       
2001c3dc  xdc_runtime_Memory_defaultHeapInstance__C                   
2001c3e0  xdc_runtime_Startup_execImpl__C                             
2001c3e4  xdc_runtime_Startup_maxPasses__C                            
2001c3e8  xdc_runtime_Startup_sfxnRts__C                              
2001c3ec  xdc_runtime_Startup_sfxnTab__C                              
2001c3f0  xdc_runtime_SysMin_bufSize__C                               
2001c3f4  xdc_runtime_SysMin_outputFunc__C                            
2001c3f8  xdc_runtime_System_Module__gateObj__C                       
2001c3fc  xdc_runtime_System_abortFxn__C                              
2001c400  xdc_runtime_System_exitFxn__C                               
2001c404  xdc_runtime_System_extendFxn__C                             
2001c408  xdc_runtime_System_maxAtexitHandlers__C                     
2001c40c  xdc_runtime_Text_charTab__C                                 
2001c410  xdc_runtime_Text_nameEmpty__C                               
2001c414  xdc_runtime_Text_nameStatic__C                              
2001c418  xdc_runtime_Text_nameUnknown__C                             
2001c41c  xdc_runtime_Text_nodeTab__C                                 
2001c420  xdc_runtime_Text_visitRopeFxn__C                            
2001c424  ti_sysbios_gates_GateMutex_Module__id__C                    
2001c426  ti_sysbios_hal_Hwi_Module__id__C                            
2001c428  ti_sysbios_heaps_HeapMem_Module__id__C                      
2001c42a  ti_sysbios_knl_Clock_Module__id__C                          
2001c42c  ti_sysbios_knl_Clock_Module__loggerDefined__C               
2001c42e  ti_sysbios_knl_Mailbox_Module__id__C                        
2001c430  ti_sysbios_knl_Semaphore_Module__id__C                      
2001c432  ti_sysbios_knl_Semaphore_Module__loggerDefined__C           
2001c434  ti_sysbios_knl_Swi_Module__id__C                            
2001c436  ti_sysbios_knl_Swi_Module__loggerDefined__C                 
2001c438  ti_sysbios_knl_Task_Module__id__C                           
2001c43a  ti_sysbios_knl_Task_Module__loggerDefined__C                
2001c43c  xdc_runtime_Core_Module__id__C                              
2001c43e  xdc_runtime_Error_Module__loggerDefined__C                  
2001c440  xdc_runtime_Error_maxDepth__C                               
2001c442  xdc_runtime_LoggerBuf_Module__id__C                         
2001c444  xdc_runtime_LoggerBuf_filterByLevel__C                      
2001c446  xdc_runtime_Memory_Module__id__C                            
2001c448  xdc_runtime_SysMin_flushAtExit__C                           
2001c44a  xdc_runtime_Text_charCnt__C                                 
2001c44c  xdc_runtime_Text_isLoaded__C                                
2001c44e  xdc_runtime_Text_registryModsLastId__C                      
2001c450  xdc_runtime_Text_unnamedModsLastId__C                       
2001c458  __TI_static_base__                                          
2001c804  __TI_Handler_Table_Base                                     
2001c80c  __TI_CINIT_Base                                             
2001c80c  __TI_Handler_Table_Limit                                    
2001c81c  __TI_CINIT_Limit                                            
20024000  ti_sysbios_heaps_HeapMem_Instance_State_0_buf__A            
2002c000  ti_sysbios_knl_Task_Instance_State_0_stack__A               
2002c800  g_cBsdBuf                                                   
2002cd78  xdc_runtime_LoggerBuf_Instance_State_0_entryArr__A          
2002d178  xdc_runtime_SysMin_Module_State_0_outbuf__A                 
2002d578  ti_sysbios_family_arm_m3_Hwi_dispatchTable                  
2002d884  recv_buffer                                                 
2002dbfc  __CIOBUF_                                                   
2002dd1c  __TI_tmpnams                                                
2002ddbc  g_ucDinDout                                                 
2002de0c  g_ucConnectionSSID                                          
2002de44  g_ucConnectionBSSID                                         
2002de54  DMAMsgQ                                                     
2002de58  SimpleLinkSpawnTaskHndl                                     
2002de5c  g_cDummy                                                    
2002de60  g_sockfd                                                    
2002de64  simpleLink_mailbox                                          
2002de68  ulSecs                                                      
2002de6c  usMsec                                                      
2002de6e  RxIrqCnt                                                    
2002de6f  g_bDeviceRestartIsRequired                                  
2002de70  g_ucLED1Pin                                                 
2002de71  g_ucLED2Pin                                                 
2002de72  g_ucLED3Pin                                                 
2002de73  g_ucLightBathroomPin                                        
2002de74  g_ucLightBedroomPin                                         
2002de75  g_ucLightKitchenPin                                         
2002de78  _ftable                                                     
2002e038  ti_sysbios_knl_Swi_Module_State_0_readyQ__A                 
2002e0b8  ti_sysbios_knl_Task_Module_State_0_readyQ__A                
2002e138  ti_sysbios_knl_Task_Object__table__V                        
2002e184  ti_sysbios_knl_Task_Module__state__V                        
2002e1c8  g_handler_map                                               
2002e204  ti_sysbios_gates_GateMutex_Object__table__V                 
2002e23c  ti_sysbios_family_arm_m3_Hwi_Module__state__V               
2002e270  ti_sysbios_family_arm_m3_Timer_Object__table__V             
2002e2a0  ti_sysbios_knl_Swi_Object__table__V                         
2002e2d0  ti_sysbios_knl_Clock_Module__state__V                       
2002e320  ti_sysbios_BIOS_Module__state__V                            
2002e344  xdc_runtime_LoggerBuf_Object__table__V                      
2002e368  ti_sysbios_knl_Swi_Module__state__V                         
2002e384  g_uiLED1Port                                                
2002e388  g_uiLED2Port                                                
2002e38c  g_uiLED3Port                                                
2002e390  g_uiLightKitchenPort                                        
2002e394  g_uiLightBedroomPort                                        
2002e398  g_uiLightBathroomPort                                       
2002e39c  ti_sysbios_family_arm_m3_Hwi_Object__table__V               
2002e3b4  ti_sysbios_heaps_HeapMem_Object__table__V                   
2002e3e0  _tz                                                         
2002e3f0  __TI_ft_end                                                 
2002e3f4  __aeabi_stdin                                               
2002e3f8  __aeabi_stdout                                              
2002e3fc  __aeabi_stderr                                              
2002e400  xdc_runtime_System_Module_State_0_atexitHandlers__A         
2002e410  g_SlDeviceStatus                                            
2002e414  g_pCB                                                       
2002e418  pPingCallBackFunc                                           
2002e41e  ti_sysbios_family_arm_m3_Hwi_Module_State_0_excActive__A    
2002e420  __TI_cleanup_ptr                                            
2002e424  __TI_dtors_ptr                                              
2002e428  __TI_enable_exit_profile_output                             
2002e42c  g_ulStatus                                                  
2002e430  g_ulPingPacketsRecv                                         
2002e434  g_ulGatewayIP                                               
2002e438  ti_sysbios_family_arm_m3_Timer_Module__state__V             
2002e444  xdc_runtime_SysMin_Module__state__V                         
2002e450  g_SpiFd                                                     
2002e454  g_pHostIntHdl                                               
2002e458  g_ucDMAEnabled                                              
2002e45a  xdc_runtime_Error_Module__state__V                          
2002e45c  _lock                                                       
2002e460  _unlock                                                     
2002e46c  ti_sysbios_family_arm_m3_Hwi_Module__root__V                
2002e474  ti_sysbios_gates_GateHwi_Module__root__V                    
2002e47c  ti_sysbios_gates_GateMutex_Module__root__V                  
2002e484  ti_sysbios_heaps_HeapMem_Module__root__V                    
2002e48c  ti_sysbios_knl_Mailbox_Module__root__V                      
2002e494  ti_sysbios_knl_Queue_Module__root__V                        
2002e49c  ti_sysbios_knl_Semaphore_Module__root__V                    
2002e4a4  ti_sysbios_knl_Task_Module__root__V                         
2002e4ac  xdc_runtime_LoggerBuf_Module__root__V                       
2002e4b4  xdc_runtime_Registry_Module__state__V                       
2002e4bc  xdc_runtime_Startup_Module__state__V                        
2002e4c4  xdc_runtime_System_Module__state__V                         
2002e4cc  xdc_runtime_LoggerBuf_Module__state__V                      
2002e4d4  errno                                                       
2002e4dc  main_func_sp                                                
2002e4e0  ti_sysbios_family_arm_m3_Hwi_Module_State_0_excContext__A   
2002e4e4  ti_sysbios_family_arm_m3_Hwi_Module_State_0_excStack__A     
2002e4e8  ti_sysbios_family_arm_m3_TimestampProvider_Module__state__V 
2002e4ec  ti_sysbios_gates_GateHwi_Object__table__V                   
2002e4f0  ti_sysbios_knl_Task_Module_State_0_idleTask__A              
2002e4f4  xdc_runtime_Memory_Module__state__V                         
2003d000  __stack                                                     
2003f000  __STACK_END                                                 
e000e000  ti_sysbios_family_arm_m3_Hwi_nvic                           
ffffffff  __TI_pprof_out_hndl                                         
ffffffff  __TI_prof_data_size                                         
ffffffff  __TI_prof_data_start                                        
ffffffff  __binit__                                                   
ffffffff  __c_args__                                                  
ffffffff  binit                                                       
UNDEFED   SHT$$INIT_ARRAY$$Base                                       
UNDEFED   SHT$$INIT_ARRAY$$Limit                                      

[1091 symbols]
